Archive member included to satisfy reference by file (symbol)

c:/sysgcc/arm-eabi/bin/../lib/gcc/arm-none-eabi/10.3.1/thumb/v6-m/nofp\libgcc.a(_dvmd_tls.o)
                              VisualGDB/Debug/_3_/pico-sdk/src/rp2_common/pico_divider/divider.o (__aeabi_idiv0)
c:/sysgcc/arm-eabi/bin/../lib/gcc/arm-none-eabi/10.3.1/../../../../arm-none-eabi/lib/thumb/v6-m/nofp\libc.a(lib_a-calloc.o)
                              VisualGDB/Debug/_3_/pico-sdk/src/rp2_common/pico_malloc/pico_malloc.o (calloc)
c:/sysgcc/arm-eabi/bin/../lib/gcc/arm-none-eabi/10.3.1/../../../../arm-none-eabi/lib/thumb/v6-m/nofp\libc.a(lib_a-callocr.o)
                              c:/sysgcc/arm-eabi/bin/../lib/gcc/arm-none-eabi/10.3.1/../../../../arm-none-eabi/lib/thumb/v6-m/nofp\libc.a(lib_a-calloc.o) (_calloc_r)
c:/sysgcc/arm-eabi/bin/../lib/gcc/arm-none-eabi/10.3.1/../../../../arm-none-eabi/lib/thumb/v6-m/nofp\libc.a(lib_a-ctype_.o)
                              VisualGDB/Debug/_3_/pico-sdk/lib/tinyusb/src/tusb.o (_ctype_)
c:/sysgcc/arm-eabi/bin/../lib/gcc/arm-none-eabi/10.3.1/../../../../arm-none-eabi/lib/thumb/v6-m/nofp\libc.a(lib_a-errno.o)
                              c:/sysgcc/arm-eabi/bin/../lib/gcc/arm-none-eabi/10.3.1/../../../../arm-none-eabi/lib/thumb/v6-m/nofp\libc.a(lib_a-callocr.o) (__errno)
c:/sysgcc/arm-eabi/bin/../lib/gcc/arm-none-eabi/10.3.1/../../../../arm-none-eabi/lib/thumb/v6-m/nofp\libc.a(lib_a-impure.o)
                              c:/sysgcc/arm-eabi/bin/../lib/gcc/arm-none-eabi/10.3.1/../../../../arm-none-eabi/lib/thumb/v6-m/nofp\libc.a(lib_a-calloc.o) (_impure_ptr)
c:/sysgcc/arm-eabi/bin/../lib/gcc/arm-none-eabi/10.3.1/../../../../arm-none-eabi/lib/thumb/v6-m/nofp\libc.a(lib_a-init.o)
                              c:/sysgcc/arm-eabi/bin/../lib/gcc/arm-none-eabi/10.3.1/../../../../arm-none-eabi/lib/thumb/v6-m/nofp/crt0.o (__libc_init_array)
c:/sysgcc/arm-eabi/bin/../lib/gcc/arm-none-eabi/10.3.1/../../../../arm-none-eabi/lib/thumb/v6-m/nofp\libc.a(lib_a-malloc.o)
                              VisualGDB/Debug/_3_/pico-sdk/src/rp2_common/pico_malloc/pico_malloc.o (malloc)
c:/sysgcc/arm-eabi/bin/../lib/gcc/arm-none-eabi/10.3.1/../../../../arm-none-eabi/lib/thumb/v6-m/nofp\libc.a(lib_a-mallocr.o)
                              c:/sysgcc/arm-eabi/bin/../lib/gcc/arm-none-eabi/10.3.1/../../../../arm-none-eabi/lib/thumb/v6-m/nofp\libc.a(lib_a-callocr.o) (_malloc_r)
c:/sysgcc/arm-eabi/bin/../lib/gcc/arm-none-eabi/10.3.1/../../../../arm-none-eabi/lib/thumb/v6-m/nofp\libc.a(lib_a-mlock.o)
                              c:/sysgcc/arm-eabi/bin/../lib/gcc/arm-none-eabi/10.3.1/../../../../arm-none-eabi/lib/thumb/v6-m/nofp\libc.a(lib_a-mallocr.o) (__malloc_lock)
c:/sysgcc/arm-eabi/bin/../lib/gcc/arm-none-eabi/10.3.1/../../../../arm-none-eabi/lib/thumb/v6-m/nofp\libc.a(lib_a-realloc.o)
                              VisualGDB/Debug/_3_/pico-sdk/src/rp2_common/pico_malloc/pico_malloc.o (realloc)
c:/sysgcc/arm-eabi/bin/../lib/gcc/arm-none-eabi/10.3.1/../../../../arm-none-eabi/lib/thumb/v6-m/nofp\libc.a(lib_a-reallocr.o)
                              c:/sysgcc/arm-eabi/bin/../lib/gcc/arm-none-eabi/10.3.1/../../../../arm-none-eabi/lib/thumb/v6-m/nofp\libc.a(lib_a-realloc.o) (_realloc_r)
c:/sysgcc/arm-eabi/bin/../lib/gcc/arm-none-eabi/10.3.1/../../../../arm-none-eabi/lib/thumb/v6-m/nofp\libc.a(lib_a-sbrkr.o)
                              c:/sysgcc/arm-eabi/bin/../lib/gcc/arm-none-eabi/10.3.1/../../../../arm-none-eabi/lib/thumb/v6-m/nofp\libc.a(lib_a-mallocr.o) (_sbrk_r)
c:/sysgcc/arm-eabi/bin/../lib/gcc/arm-none-eabi/10.3.1/../../../../arm-none-eabi/lib/thumb/v6-m/nofp\libc.a(lib_a-strlen-stub.o)
                              VisualGDB/Debug/_3_/pico-sdk/src/rp2_common/pico_stdio/stdio.o (strlen)
c:/sysgcc/arm-eabi/bin/../lib/gcc/arm-none-eabi/10.3.1/../../../../arm-none-eabi/lib/thumb/v6-m/nofp\libc.a(lib_a-freer.o)
                              c:/sysgcc/arm-eabi/bin/../lib/gcc/arm-none-eabi/10.3.1/../../../../arm-none-eabi/lib/thumb/v6-m/nofp\libc.a(lib_a-malloc.o) (_free_r)
c:/sysgcc/arm-eabi/bin/../lib/gcc/arm-none-eabi/10.3.1/../../../../arm-none-eabi/lib/thumb/v6-m/nofp\libc.a(lib_a-lock.o)
                              c:/sysgcc/arm-eabi/bin/../lib/gcc/arm-none-eabi/10.3.1/../../../../arm-none-eabi/lib/thumb/v6-m/nofp\libc.a(lib_a-mlock.o) (__retarget_lock_acquire_recursive)
c:/sysgcc/arm-eabi/bin/../lib/gcc/arm-none-eabi/10.3.1/../../../../arm-none-eabi/lib/thumb/v6-m/nofp\libc.a(lib_a-memmove.o)
                              c:/sysgcc/arm-eabi/bin/../lib/gcc/arm-none-eabi/10.3.1/../../../../arm-none-eabi/lib/thumb/v6-m/nofp\libc.a(lib_a-reallocr.o) (memmove)
c:/sysgcc/arm-eabi/bin/../lib/gcc/arm-none-eabi/10.3.1/../../../../arm-none-eabi/lib/thumb/v6-m/nofp\libc.a(lib_a-reent.o)
                              c:/sysgcc/arm-eabi/bin/../lib/gcc/arm-none-eabi/10.3.1/../../../../arm-none-eabi/lib/thumb/v6-m/nofp\libc.a(lib_a-sbrkr.o) (errno)

Discarded input sections

[...]
Memory Configuration

Name             Origin             Length             Attributes
FLASH            0x10000000         0x00200000         xr
RAM              0x20000000         0x00040000         xrw
SCRATCH_X        0x20040000         0x00001000         xrw
SCRATCH_Y        0x20041000         0x00001000         xrw
*default*        0x00000000         0xffffffff

Linker script and memory map

LOAD c:/sysgcc/arm-eabi/bin/../lib/gcc/arm-none-eabi/10.3.1/thumb/v6-m/nofp/crti.o
LOAD c:/sysgcc/arm-eabi/bin/../lib/gcc/arm-none-eabi/10.3.1/thumb/v6-m/nofp/crtbegin.o
LOAD c:/sysgcc/arm-eabi/bin/../lib/gcc/arm-none-eabi/10.3.1/../../../../arm-none-eabi/lib/thumb/v6-m/nofp/crt0.o
START GROUP
LOAD VisualGDB/Debug/_3_/pico-sdk/lib/tinyusb/hw/bsp/rp2040/family.o
LOAD VisualGDB/Debug/_3_/pico-sdk/lib/tinyusb/src/class/cdc/cdc_device.o
LOAD VisualGDB/Debug/_3_/pico-sdk/lib/tinyusb/src/class/vendor/vendor_device.o
LOAD VisualGDB/Debug/_3_/pico-sdk/lib/tinyusb/src/common/tusb_fifo.o
LOAD VisualGDB/Debug/_3_/pico-sdk/lib/tinyusb/src/device/usbd.o
LOAD VisualGDB/Debug/_3_/pico-sdk/lib/tinyusb/src/device/usbd_control.o
LOAD VisualGDB/Debug/_3_/pico-sdk/lib/tinyusb/src/portable/raspberrypi/rp2040/dcd_rp2040.o
LOAD VisualGDB/Debug/_3_/pico-sdk/lib/tinyusb/src/portable/raspberrypi/rp2040/rp2040_usb.o
LOAD VisualGDB/Debug/_3_/pico-sdk/lib/tinyusb/src/tusb.o
LOAD VisualGDB/Debug/_3_/pico-sdk/src/common/pico_sync/critical_section.o
LOAD VisualGDB/Debug/_3_/pico-sdk/src/common/pico_sync/lock_core.o
LOAD VisualGDB/Debug/_3_/pico-sdk/src/common/pico_sync/mutex.o
LOAD VisualGDB/Debug/_3_/pico-sdk/src/common/pico_sync/sem.o
LOAD VisualGDB/Debug/_3_/pico-sdk/src/common/pico_time/time.o
LOAD VisualGDB/Debug/_3_/pico-sdk/src/common/pico_time/timeout_helper.o
LOAD VisualGDB/Debug/_3_/pico-sdk/src/common/pico_util/datetime.o
LOAD VisualGDB/Debug/_3_/pico-sdk/src/common/pico_util/pheap.o
LOAD VisualGDB/Debug/_3_/pico-sdk/src/common/pico_util/queue.o
LOAD VisualGDB/Debug/_3_/pico-sdk/src/rp2_common/hardware_claim/claim.o
LOAD VisualGDB/Debug/_3_/pico-sdk/src/rp2_common/hardware_clocks/clocks.o
LOAD VisualGDB/Debug/_3_/pico-sdk/src/rp2_common/hardware_flash/flash.o
LOAD VisualGDB/Debug/_3_/pico-sdk/src/rp2_common/hardware_gpio/gpio.o
LOAD VisualGDB/Debug/_3_/pico-sdk/src/rp2_common/hardware_irq/irq.o
LOAD VisualGDB/Debug/_3_/pico-sdk/src/rp2_common/hardware_pio/pio.o
LOAD VisualGDB/Debug/_3_/pico-sdk/src/rp2_common/hardware_pll/pll.o
LOAD VisualGDB/Debug/_3_/pico-sdk/src/rp2_common/hardware_sync/sync.o
LOAD VisualGDB/Debug/_3_/pico-sdk/src/rp2_common/hardware_timer/timer.o
LOAD VisualGDB/Debug/_3_/pico-sdk/src/rp2_common/hardware_uart/uart.o
LOAD VisualGDB/Debug/_3_/pico-sdk/src/rp2_common/hardware_vreg/vreg.o
LOAD VisualGDB/Debug/_3_/pico-sdk/src/rp2_common/hardware_watchdog/watchdog.o
LOAD VisualGDB/Debug/_3_/pico-sdk/src/rp2_common/hardware_xosc/xosc.o
LOAD VisualGDB/Debug/_3_/pico-sdk/src/rp2_common/pico_bootrom/bootrom.o
LOAD VisualGDB/Debug/_3_/pico-sdk/src/rp2_common/pico_double/double_init_rom.o
LOAD VisualGDB/Debug/_3_/pico-sdk/src/rp2_common/pico_double/double_math.o
LOAD VisualGDB/Debug/_3_/pico-sdk/src/rp2_common/pico_float/float_init_rom.o
LOAD VisualGDB/Debug/_3_/pico-sdk/src/rp2_common/pico_float/float_math.o
LOAD VisualGDB/Debug/_3_/pico-sdk/src/rp2_common/pico_malloc/pico_malloc.o
LOAD VisualGDB/Debug/_3_/pico-sdk/src/rp2_common/pico_platform/platform.o
LOAD VisualGDB/Debug/_3_/pico-sdk/src/rp2_common/pico_printf/printf.o
LOAD VisualGDB/Debug/_3_/pico-sdk/src/rp2_common/pico_runtime/runtime.o
LOAD VisualGDB/Debug/_3_/pico-sdk/src/rp2_common/pico_standard_link/binary_info.o
LOAD VisualGDB/Debug/_3_/pico-sdk/src/rp2_common/pico_standard_link/new_delete.o
LOAD VisualGDB/Debug/_3_/pico-sdk/src/rp2_common/pico_stdio/stdio.o
LOAD VisualGDB/Debug/_3_/pico-sdk/src/rp2_common/pico_stdio_uart/stdio_uart.o
LOAD VisualGDB/Debug/_3_/pico-sdk/src/rp2_common/pico_stdlib/stdlib.o
LOAD VisualGDB/Debug/_3_/pico-sdk/src/rp2_common/pico_unique_id/unique_id.o
LOAD VisualGDB/Debug/Dummy.o
LOAD VisualGDB/Debug/Local/src/cdc_uart.o
LOAD VisualGDB/Debug/Local/src/get_serial.o
LOAD VisualGDB/Debug/Local/src/led.o
LOAD VisualGDB/Debug/Local/src/main.o
LOAD VisualGDB/Debug/Local/src/probe.o
LOAD VisualGDB/Debug/Local/src/usb_descriptors.o
LOAD VisualGDB/Debug/_3_/pico-sdk/src/rp2_common/hardware_divider/divider.o
LOAD VisualGDB/Debug/_3_/pico-sdk/src/rp2_common/hardware_irq/irq_handler_chain.o
LOAD VisualGDB/Debug/_3_/pico-sdk/src/rp2_common/pico_bit_ops/bit_ops_aeabi.o
LOAD VisualGDB/Debug/_3_/pico-sdk/src/rp2_common/pico_divider/divider.o
LOAD VisualGDB/Debug/_3_/pico-sdk/src/rp2_common/pico_double/double_aeabi.o
LOAD VisualGDB/Debug/_3_/pico-sdk/src/rp2_common/pico_double/double_v1_rom_shim.o
LOAD VisualGDB/Debug/_3_/pico-sdk/src/rp2_common/pico_float/float_aeabi.o
LOAD VisualGDB/Debug/_3_/pico-sdk/src/rp2_common/pico_float/float_v1_rom_shim.o
LOAD VisualGDB/Debug/_3_/pico-sdk/src/rp2_common/pico_int64_ops/pico_int64_ops_aeabi.o
LOAD VisualGDB/Debug/_3_/pico-sdk/src/rp2_common/pico_mem_ops/mem_ops_aeabi.o
LOAD VisualGDB/Debug/_3_/pico-sdk/src/rp2_common/pico_standard_link/crt0.o
LOAD VisualGDB/Debug/bs2_default_padded_checksummed.o
END GROUP
LOAD c:/sysgcc/arm-eabi/bin/../lib/gcc/arm-none-eabi/10.3.1/../../../../arm-none-eabi/lib/thumb/v6-m/nofp\libstdc++.a
LOAD c:/sysgcc/arm-eabi/bin/../lib/gcc/arm-none-eabi/10.3.1/../../../../arm-none-eabi/lib/thumb/v6-m/nofp\libm.a
START GROUP
LOAD c:/sysgcc/arm-eabi/bin/../lib/gcc/arm-none-eabi/10.3.1/thumb/v6-m/nofp\libgcc.a
LOAD c:/sysgcc/arm-eabi/bin/../lib/gcc/arm-none-eabi/10.3.1/../../../../arm-none-eabi/lib/thumb/v6-m/nofp\libc.a
END GROUP
START GROUP
LOAD c:/sysgcc/arm-eabi/bin/../lib/gcc/arm-none-eabi/10.3.1/thumb/v6-m/nofp\libgcc.a
LOAD c:/sysgcc/arm-eabi/bin/../lib/gcc/arm-none-eabi/10.3.1/../../../../arm-none-eabi/lib/thumb/v6-m/nofp\libc.a
LOAD c:/sysgcc/arm-eabi/bin/../lib/gcc/arm-none-eabi/10.3.1/../../../../arm-none-eabi/lib/thumb/v6-m/nofp\libnosys.a
END GROUP
LOAD c:/sysgcc/arm-eabi/bin/../lib/gcc/arm-none-eabi/10.3.1/thumb/v6-m/nofp/crtend.o
LOAD c:/sysgcc/arm-eabi/bin/../lib/gcc/arm-none-eabi/10.3.1/thumb/v6-m/nofp/crtn.o

.flash_begin    0x10000000        0x0
                0x10000000                __flash_binary_start = .

.boot2          0x10000000      0x100
                0x10000000                __boot2_start__ = .
 *(.boot2)
 .boot2         0x10000000      0x100 VisualGDB/Debug/bs2_default_padded_checksummed.o
                0x10000100                __boot2_end__ = .
                0x00000001                ASSERT (((__boot2_end__ - __boot2_start__) == 0x100), ERROR: Pico second stage bootloader must be 256 bytes in size)

.text           0x10000100     0xd808
                0x10000100                __logical_binary_start = .
 *(.vectors)
 .vectors       0x10000100       0xd4 VisualGDB/Debug/_3_/pico-sdk/src/rp2_common/pico_standard_link/crt0.o
                0x10000100                __VECTOR_TABLE
                0x10000100                __vectors
                0x100001c0                isr_invalid
                0x100001c0                __default_isrs_start
                0x100001c2                isr_nmi
                0x100001c4                isr_hardfault
                0x100001c6                isr_svcall
                0x100001c8                isr_pendsv
                0x100001ca                isr_systick
                0x100001cc                isr_irq23
                0x100001cc                isr_irq18
                0x100001cc                isr_irq11
                0x100001cc                isr_irq28
                0x100001cc                isr_irq19
                0x100001cc                isr_irq0
                0x100001cc                isr_irq6
                0x100001cc                isr_irq5
                0x100001cc                isr_irq12
                0x100001cc                isr_irq22
                0x100001cc                isr_irq31
                0x100001cc                isr_irq17
                0x100001cc                isr_irq27
                0x100001cc                isr_irq30
                0x100001cc                isr_irq2
                0x100001cc                isr_irq10
                0x100001cc                isr_irq8
                0x100001cc                isr_irq24
                0x100001cc                isr_irq1
                0x100001cc                isr_irq7
                0x100001cc                isr_irq21
                0x100001cc                isr_irq20
                0x100001cc                isr_irq15
                0x100001cc                isr_irq25
                0x100001cc                isr_irq13
                0x100001cc                __unhandled_user_irq
                0x100001cc                isr_irq4
                0x100001cc                isr_irq16
                0x100001cc                isr_irq29
                0x100001cc                isr_irq26
                0x100001cc                __default_isrs_end
                0x100001cc                isr_irq3
                0x100001cc                isr_irq14
                0x100001cc                isr_irq9
                0x100001d2                unhandled_user_irq_num_in_r0
 *(.binary_info_header)
 .binary_info_header
                0x100001d4       0x14 VisualGDB/Debug/_3_/pico-sdk/src/rp2_common/pico_standard_link/crt0.o
                0x100001e8                __binary_info_header_end = .
 *(.reset)
 .reset         0x100001e8       0x30 VisualGDB/Debug/_3_/pico-sdk/src/rp2_common/pico_standard_link/binary_info.o
 .reset         0x10000218       0xa0 VisualGDB/Debug/_3_/pico-sdk/src/rp2_common/pico_standard_link/crt0.o
                0x10000218                _entry_point
 *(.init)
 .init          0x100002b8        0x4 c:/sysgcc/arm-eabi/bin/../lib/gcc/arm-none-eabi/10.3.1/thumb/v6-m/nofp/crti.o
                0x100002b8                _init
 *(EXCLUDE_FILE(*libm.a: *libc.a:*lib_a-mem*.o *libgcc.a:) .text*)
 .text          0x100002bc       0x48 c:/sysgcc/arm-eabi/bin/../lib/gcc/arm-none-eabi/10.3.1/thumb/v6-m/nofp/crtbegin.o
 .text.gpio_set_dir_out_masked
                0x10000304       0x18 VisualGDB/Debug/_3_/pico-sdk/lib/tinyusb/hw/bsp/rp2040/family.o
 .text.gpio_set_dir_in_masked
                0x1000031c       0x18 VisualGDB/Debug/_3_/pico-sdk/lib/tinyusb/hw/bsp/rp2040/family.o
 .text.gpio_set_dir
                0x10000334       0x3a VisualGDB/Debug/_3_/pico-sdk/lib/tinyusb/hw/bsp/rp2040/family.o
 *fill*         0x1000036e        0x2 
 .text.uart_get_instance
                0x10000370       0x24 VisualGDB/Debug/_3_/pico-sdk/lib/tinyusb/hw/bsp/rp2040/family.o
 .text.board_init
                0x10000394       0x38 VisualGDB/Debug/_3_/pico-sdk/lib/tinyusb/hw/bsp/rp2040/family.o
                0x10000394                board_init
 .text._prep_out_transaction
                0x100003cc       0xa2 VisualGDB/Debug/_3_/pico-sdk/lib/tinyusb/src/class/cdc/cdc_device.o
 *fill*         0x1000046e        0x2 
 .text.tud_cdc_n_connected
                0x10000470       0x90 VisualGDB/Debug/_3_/pico-sdk/lib/tinyusb/src/class/cdc/cdc_device.o
                0x10000470                tud_cdc_n_connected
 .text.tud_cdc_n_available
                0x10000500       0x38 VisualGDB/Debug/_3_/pico-sdk/lib/tinyusb/src/class/cdc/cdc_device.o
                0x10000500                tud_cdc_n_available
 .text.tud_cdc_n_read
                0x10000538       0x54 VisualGDB/Debug/_3_/pico-sdk/lib/tinyusb/src/class/cdc/cdc_device.o
                0x10000538                tud_cdc_n_read
 .text.tud_cdc_n_write
                0x1000058c       0x6c VisualGDB/Debug/_3_/pico-sdk/lib/tinyusb/src/class/cdc/cdc_device.o
                0x1000058c                tud_cdc_n_write
 .text.tud_cdc_n_write_flush
                0x100005f8      0x124 VisualGDB/Debug/_3_/pico-sdk/lib/tinyusb/src/class/cdc/cdc_device.o
                0x100005f8                tud_cdc_n_write_flush
 .text.cdcd_init
                0x1000071c      0x11c VisualGDB/Debug/_3_/pico-sdk/lib/tinyusb/src/class/cdc/cdc_device.o
                0x1000071c                cdcd_init
 .text.cdcd_reset
                0x10000838       0x7c VisualGDB/Debug/_3_/pico-sdk/lib/tinyusb/src/class/cdc/cdc_device.o
                0x10000838                cdcd_reset
 .text.cdcd_open
                0x100008b4      0x22c VisualGDB/Debug/_3_/pico-sdk/lib/tinyusb/src/class/cdc/cdc_device.o
                0x100008b4                cdcd_open
 .text.cdcd_control_xfer_cb
                0x10000ae0      0x234 VisualGDB/Debug/_3_/pico-sdk/lib/tinyusb/src/class/cdc/cdc_device.o
                0x10000ae0                cdcd_control_xfer_cb
 .text.cdcd_xfer_cb
                0x10000d14      0x1cc VisualGDB/Debug/_3_/pico-sdk/lib/tinyusb/src/class/cdc/cdc_device.o
                0x10000d14                cdcd_xfer_cb
 .text.tud_vendor_n_available
                0x10000ee0       0x34 VisualGDB/Debug/_3_/pico-sdk/lib/tinyusb/src/class/vendor/vendor_device.o
                0x10000ee0                tud_vendor_n_available
 .text._prep_out_transaction
                0x10000f14       0x60 VisualGDB/Debug/_3_/pico-sdk/lib/tinyusb/src/class/vendor/vendor_device.o
 .text.tud_vendor_n_read
                0x10000f74       0x50 VisualGDB/Debug/_3_/pico-sdk/lib/tinyusb/src/class/vendor/vendor_device.o
                0x10000f74                tud_vendor_n_read
 .text.maybe_transmit
                0x10000fc4       0xa4 VisualGDB/Debug/_3_/pico-sdk/lib/tinyusb/src/class/vendor/vendor_device.o
 .text.tud_vendor_n_write
                0x10001068       0x68 VisualGDB/Debug/_3_/pico-sdk/lib/tinyusb/src/class/vendor/vendor_device.o
                0x10001068                tud_vendor_n_write
 .text.vendord_init
                0x100010d0       0xf0 VisualGDB/Debug/_3_/pico-sdk/lib/tinyusb/src/class/vendor/vendor_device.o
                0x100010d0                vendord_init
 .text.vendord_reset
                0x100011c0       0x6c VisualGDB/Debug/_3_/pico-sdk/lib/tinyusb/src/class/vendor/vendor_device.o
                0x100011c0                vendord_reset
 .text.vendord_open
                0x1000122c      0x1a4 VisualGDB/Debug/_3_/pico-sdk/lib/tinyusb/src/class/vendor/vendor_device.o
                0x1000122c                vendord_open
 .text.vendord_xfer_cb
                0x100013d0       0xf4 VisualGDB/Debug/_3_/pico-sdk/lib/tinyusb/src/class/vendor/vendor_device.o
                0x100013d0                vendord_xfer_cb
 .text.tu_fifo_config
                0x100014c4       0xfc VisualGDB/Debug/_3_/pico-sdk/lib/tinyusb/src/common/tusb_fifo.o
                0x100014c4                tu_fifo_config
 .text._ff_push_const_addr
                0x100015c0       0xd0 VisualGDB/Debug/_3_/pico-sdk/lib/tinyusb/src/common/tusb_fifo.o
 .text._ff_pull_const_addr
                0x10001690       0x96 VisualGDB/Debug/_3_/pico-sdk/lib/tinyusb/src/common/tusb_fifo.o
 .text._ff_push
                0x10001726       0x40 VisualGDB/Debug/_3_/pico-sdk/lib/tinyusb/src/common/tusb_fifo.o
 .text._ff_push_n
                0x10001766      0x22a VisualGDB/Debug/_3_/pico-sdk/lib/tinyusb/src/common/tusb_fifo.o
 .text._ff_pull
                0x10001990       0x40 VisualGDB/Debug/_3_/pico-sdk/lib/tinyusb/src/common/tusb_fifo.o
 .text._ff_pull_n
                0x100019d0      0x22e VisualGDB/Debug/_3_/pico-sdk/lib/tinyusb/src/common/tusb_fifo.o
 .text.advance_index
                0x10001bfe       0x76 VisualGDB/Debug/_3_/pico-sdk/lib/tinyusb/src/common/tusb_fifo.o
 .text._tu_fifo_peek
                0x10001c74      0x140 VisualGDB/Debug/_3_/pico-sdk/lib/tinyusb/src/common/tusb_fifo.o
 .text._tu_fifo_peek_n
                0x10001db4      0x16a VisualGDB/Debug/_3_/pico-sdk/lib/tinyusb/src/common/tusb_fifo.o
 .text._tu_fifo_write_n
                0x10001f1e      0x2c6 VisualGDB/Debug/_3_/pico-sdk/lib/tinyusb/src/common/tusb_fifo.o
 .text._tu_fifo_read_n
                0x100021e4       0xa6 VisualGDB/Debug/_3_/pico-sdk/lib/tinyusb/src/common/tusb_fifo.o
 .text.tu_fifo_count
                0x1000228a       0x94 VisualGDB/Debug/_3_/pico-sdk/lib/tinyusb/src/common/tusb_fifo.o
                0x1000228a                tu_fifo_count
 .text.tu_fifo_empty
                0x1000231e       0x24 VisualGDB/Debug/_3_/pico-sdk/lib/tinyusb/src/common/tusb_fifo.o
                0x1000231e                tu_fifo_empty
 .text.tu_fifo_full
                0x10002342       0x7c VisualGDB/Debug/_3_/pico-sdk/lib/tinyusb/src/common/tusb_fifo.o
                0x10002342                tu_fifo_full
 .text.tu_fifo_remaining
                0x100023be       0xac VisualGDB/Debug/_3_/pico-sdk/lib/tinyusb/src/common/tusb_fifo.o
                0x100023be                tu_fifo_remaining
 .text.tu_fifo_read
                0x1000246a       0x90 VisualGDB/Debug/_3_/pico-sdk/lib/tinyusb/src/common/tusb_fifo.o
                0x1000246a                tu_fifo_read
 .text.tu_fifo_read_n
                0x100024fa       0x26 VisualGDB/Debug/_3_/pico-sdk/lib/tinyusb/src/common/tusb_fifo.o
                0x100024fa                tu_fifo_read_n
 .text.tu_fifo_write
                0x10002520       0xfe VisualGDB/Debug/_3_/pico-sdk/lib/tinyusb/src/common/tusb_fifo.o
                0x10002520                tu_fifo_write
 .text.tu_fifo_write_n
                0x1000261e       0x26 VisualGDB/Debug/_3_/pico-sdk/lib/tinyusb/src/common/tusb_fifo.o
                0x1000261e                tu_fifo_write_n
 .text.tu_fifo_clear
                0x10002644       0x9a VisualGDB/Debug/_3_/pico-sdk/lib/tinyusb/src/common/tusb_fifo.o
                0x10002644                tu_fifo_clear
 .text.tu_fifo_set_overwritable
                0x100026de       0xaa VisualGDB/Debug/_3_/pico-sdk/lib/tinyusb/src/common/tusb_fifo.o
                0x100026de                tu_fifo_set_overwritable
 .text.critical_section_enter_blocking
                0x10002788       0x46 VisualGDB/Debug/_3_/pico-sdk/lib/tinyusb/src/device/usbd.o
 .text.critical_section_exit
                0x100027ce       0x3e VisualGDB/Debug/_3_/pico-sdk/lib/tinyusb/src/device/usbd.o
 .text.get_driver
                0x1000280c       0x74 VisualGDB/Debug/_3_/pico-sdk/lib/tinyusb/src/device/usbd.o
 .text.tud_mounted
                0x10002880       0x1c VisualGDB/Debug/_3_/pico-sdk/lib/tinyusb/src/device/usbd.o
                0x10002880                tud_mounted
 .text.tud_suspended
                0x1000289c       0x20 VisualGDB/Debug/_3_/pico-sdk/lib/tinyusb/src/device/usbd.o
                0x1000289c                tud_suspended
 .text.tud_inited
                0x100028bc       0x1c VisualGDB/Debug/_3_/pico-sdk/lib/tinyusb/src/device/usbd.o
                0x100028bc                tud_inited
 .text.tud_init
                0x100028d8      0x144 VisualGDB/Debug/_3_/pico-sdk/lib/tinyusb/src/device/usbd.o
                0x100028d8                tud_init
 .text.configuration_reset
                0x10002a1c       0xa8 VisualGDB/Debug/_3_/pico-sdk/lib/tinyusb/src/device/usbd.o
 .text.usbd_reset
                0x10002ac4       0x22 VisualGDB/Debug/_3_/pico-sdk/lib/tinyusb/src/device/usbd.o
 *fill*         0x10002ae6        0x2 
 .text.tud_task_ext
                0x10002ae8      0x2c4 VisualGDB/Debug/_3_/pico-sdk/lib/tinyusb/src/device/usbd.o
                0x10002ae8                tud_task_ext
 .text.invoke_class_control
                0x10002dac       0x36 VisualGDB/Debug/_3_/pico-sdk/lib/tinyusb/src/device/usbd.o
 *fill*         0x10002de2        0x2 
 .text.process_control_request
                0x10002de4      0x530 VisualGDB/Debug/_3_/pico-sdk/lib/tinyusb/src/device/usbd.o
 .text.process_set_config
                0x10003314      0x29c VisualGDB/Debug/_3_/pico-sdk/lib/tinyusb/src/device/usbd.o
 .text.process_get_descriptor
                0x100035b0      0x1fc VisualGDB/Debug/_3_/pico-sdk/lib/tinyusb/src/device/usbd.o
 .text.usbd_open_edpt_pair
                0x100037ac       0xe8 VisualGDB/Debug/_3_/pico-sdk/lib/tinyusb/src/device/usbd.o
                0x100037ac                usbd_open_edpt_pair
 .text.usbd_edpt_open
                0x10003894       0x98 VisualGDB/Debug/_3_/pico-sdk/lib/tinyusb/src/device/usbd.o
                0x10003894                usbd_edpt_open
 .text.usbd_edpt_claim
                0x1000392c       0x7c VisualGDB/Debug/_3_/pico-sdk/lib/tinyusb/src/device/usbd.o
                0x1000392c                usbd_edpt_claim
 .text.usbd_edpt_release
                0x100039a8       0x7c VisualGDB/Debug/_3_/pico-sdk/lib/tinyusb/src/device/usbd.o
                0x100039a8                usbd_edpt_release
 .text.usbd_edpt_xfer
                0x10003a24      0x120 VisualGDB/Debug/_3_/pico-sdk/lib/tinyusb/src/device/usbd.o
                0x10003a24                usbd_edpt_xfer
 .text.usbd_edpt_busy
                0x10003b44       0x74 VisualGDB/Debug/_3_/pico-sdk/lib/tinyusb/src/device/usbd.o
                0x10003b44                usbd_edpt_busy
 .text.usbd_edpt_stall
                0x10003bb8       0xc4 VisualGDB/Debug/_3_/pico-sdk/lib/tinyusb/src/device/usbd.o
                0x10003bb8                usbd_edpt_stall
 .text.usbd_edpt_clear_stall
                0x10003c7c       0xc4 VisualGDB/Debug/_3_/pico-sdk/lib/tinyusb/src/device/usbd.o
                0x10003c7c                usbd_edpt_clear_stall
 .text.usbd_edpt_stalled
                0x10003d40       0x74 VisualGDB/Debug/_3_/pico-sdk/lib/tinyusb/src/device/usbd.o
                0x10003d40                usbd_edpt_stalled
 .text._status_stage_xact
                0x10003db4       0x42 VisualGDB/Debug/_3_/pico-sdk/lib/tinyusb/src/device/usbd_control.o
 *fill*         0x10003df6        0x2 
 .text.tud_control_status
                0x10003df8       0x4c VisualGDB/Debug/_3_/pico-sdk/lib/tinyusb/src/device/usbd_control.o
                0x10003df8                tud_control_status
 .text._data_stage_xact
                0x10003e44       0xb0 VisualGDB/Debug/_3_/pico-sdk/lib/tinyusb/src/device/usbd_control.o
 .text.tud_control_xfer
                0x10003ef4      0x10c VisualGDB/Debug/_3_/pico-sdk/lib/tinyusb/src/device/usbd_control.o
                0x10003ef4                tud_control_xfer
 .text.usbd_control_reset
                0x10004000       0x1c VisualGDB/Debug/_3_/pico-sdk/lib/tinyusb/src/device/usbd_control.o
                0x10004000                usbd_control_reset
 .text.usbd_control_set_complete_callback
                0x1000401c       0x1c VisualGDB/Debug/_3_/pico-sdk/lib/tinyusb/src/device/usbd_control.o
                0x1000401c                usbd_control_set_complete_callback
 .text.usbd_control_set_request
                0x10004038       0x38 VisualGDB/Debug/_3_/pico-sdk/lib/tinyusb/src/device/usbd_control.o
                0x10004038                usbd_control_set_request
 .text.usbd_control_xfer_cb
                0x10004070      0x19c VisualGDB/Debug/_3_/pico-sdk/lib/tinyusb/src/device/usbd_control.o
                0x10004070                usbd_control_xfer_cb
 .text.hw_data_offset
                0x1000420c       0x1c VisualGDB/Debug/_3_/pico-sdk/lib/tinyusb/src/portable/raspberrypi/rp2040/dcd_rp2040.o
 .text.dcd_event_sof
                0x10004228       0x52 VisualGDB/Debug/_3_/pico-sdk/lib/tinyusb/src/portable/raspberrypi/rp2040/dcd_rp2040.o
 *fill*         0x1000427a        0x2 
 .text.hw_endpoint_get_by_addr
                0x1000427c       0x70 VisualGDB/Debug/_3_/pico-sdk/lib/tinyusb/src/portable/raspberrypi/rp2040/dcd_rp2040.o
 .text._hw_endpoint_alloc
                0x100042ec       0xcc VisualGDB/Debug/_3_/pico-sdk/lib/tinyusb/src/portable/raspberrypi/rp2040/dcd_rp2040.o
 .text.hw_endpoint_init
                0x100043b8      0x128 VisualGDB/Debug/_3_/pico-sdk/lib/tinyusb/src/portable/raspberrypi/rp2040/dcd_rp2040.o
 .text.hw_endpoint_xfer
                0x100044e0       0x3a VisualGDB/Debug/_3_/pico-sdk/lib/tinyusb/src/portable/raspberrypi/rp2040/dcd_rp2040.o
 *fill*         0x1000451a        0x2 
 .text.hw_handle_buff_status
                0x1000451c      0x138 VisualGDB/Debug/_3_/pico-sdk/lib/tinyusb/src/portable/raspberrypi/rp2040/dcd_rp2040.o
 .text.reset_non_control_endpoints
                0x10004654       0x6c VisualGDB/Debug/_3_/pico-sdk/lib/tinyusb/src/portable/raspberrypi/rp2040/dcd_rp2040.o
 .text.dcd_rp2040_irq
                0x100046c0      0x2a0 VisualGDB/Debug/_3_/pico-sdk/lib/tinyusb/src/portable/raspberrypi/rp2040/dcd_rp2040.o
 .text.dcd_init
                0x10004960       0xa0 VisualGDB/Debug/_3_/pico-sdk/lib/tinyusb/src/portable/raspberrypi/rp2040/dcd_rp2040.o
                0x10004960                dcd_init
 .text.dcd_int_enable
                0x10004a00       0x40 VisualGDB/Debug/_3_/pico-sdk/lib/tinyusb/src/portable/raspberrypi/rp2040/dcd_rp2040.o
                0x10004a00                dcd_int_enable
 .text.dcd_set_address
                0x10004a40       0x48 VisualGDB/Debug/_3_/pico-sdk/lib/tinyusb/src/portable/raspberrypi/rp2040/dcd_rp2040.o
                0x10004a40                dcd_set_address
 .text.dcd_connect
                0x10004a88       0x20 VisualGDB/Debug/_3_/pico-sdk/lib/tinyusb/src/portable/raspberrypi/rp2040/dcd_rp2040.o
                0x10004a88                dcd_connect
 .text.dcd_edpt0_status_complete
                0x10004aa8       0x50 VisualGDB/Debug/_3_/pico-sdk/lib/tinyusb/src/portable/raspberrypi/rp2040/dcd_rp2040.o
                0x10004aa8                dcd_edpt0_status_complete
 .text.dcd_edpt_open
                0x10004af8       0x64 VisualGDB/Debug/_3_/pico-sdk/lib/tinyusb/src/portable/raspberrypi/rp2040/dcd_rp2040.o
                0x10004af8                dcd_edpt_open
 .text.dcd_edpt_close_all
                0x10004b5c       0x18 VisualGDB/Debug/_3_/pico-sdk/lib/tinyusb/src/portable/raspberrypi/rp2040/dcd_rp2040.o
                0x10004b5c                dcd_edpt_close_all
 .text.dcd_edpt_xfer
                0x10004b74       0x60 VisualGDB/Debug/_3_/pico-sdk/lib/tinyusb/src/portable/raspberrypi/rp2040/dcd_rp2040.o
                0x10004b74                dcd_edpt_xfer
 .text.dcd_edpt_stall
                0x10004bd4       0x7c VisualGDB/Debug/_3_/pico-sdk/lib/tinyusb/src/portable/raspberrypi/rp2040/dcd_rp2040.o
                0x10004bd4                dcd_edpt_stall
 .text.dcd_edpt_clear_stall
                0x10004c50       0x5e VisualGDB/Debug/_3_/pico-sdk/lib/tinyusb/src/portable/raspberrypi/rp2040/dcd_rp2040.o
                0x10004c50                dcd_edpt_clear_stall
 *fill*         0x10004cae        0x2 
 .text.reset_block
                0x10004cb0       0x2c VisualGDB/Debug/_3_/pico-sdk/lib/tinyusb/src/portable/raspberrypi/rp2040/rp2040_usb.o
 .text.unreset_block_wait
                0x10004cdc       0x3c VisualGDB/Debug/_3_/pico-sdk/lib/tinyusb/src/portable/raspberrypi/rp2040/rp2040_usb.o
 .text.rp2040_usb_init
                0x10004d18       0x48 VisualGDB/Debug/_3_/pico-sdk/lib/tinyusb/src/portable/raspberrypi/rp2040/rp2040_usb.o
                0x10004d18                rp2040_usb_init
 .text.hw_endpoint_reset_transfer
                0x10004d60       0x28 VisualGDB/Debug/_3_/pico-sdk/lib/tinyusb/src/portable/raspberrypi/rp2040/rp2040_usb.o
                0x10004d60                hw_endpoint_reset_transfer
 .text._hw_endpoint_buffer_control_update32
                0x10004d88       0xb4 VisualGDB/Debug/_3_/pico-sdk/lib/tinyusb/src/portable/raspberrypi/rp2040/rp2040_usb.o
                0x10004d88                _hw_endpoint_buffer_control_update32
 .text.prepare_ep_buffer
                0x10004e3c       0xea VisualGDB/Debug/_3_/pico-sdk/lib/tinyusb/src/portable/raspberrypi/rp2040/rp2040_usb.o
 *fill*         0x10004f26        0x2 
 .text.hw_endpoint_start_next_buffer
                0x10004f28      0x110 VisualGDB/Debug/_3_/pico-sdk/lib/tinyusb/src/portable/raspberrypi/rp2040/rp2040_usb.o
                0x10004f28                hw_endpoint_start_next_buffer
 .text.hw_endpoint_xfer_start
                0x10005038       0xa0 VisualGDB/Debug/_3_/pico-sdk/lib/tinyusb/src/portable/raspberrypi/rp2040/rp2040_usb.o
                0x10005038                hw_endpoint_xfer_start
 .text.sync_ep_buffer
                0x100050d8       0xf8 VisualGDB/Debug/_3_/pico-sdk/lib/tinyusb/src/portable/raspberrypi/rp2040/rp2040_usb.o
 .text._hw_endpoint_xfer_sync
                0x100051d0       0x52 VisualGDB/Debug/_3_/pico-sdk/lib/tinyusb/src/portable/raspberrypi/rp2040/rp2040_usb.o
 *fill*         0x10005222        0x2 
 .text.hw_endpoint_xfer_continue
                0x10005224       0xa0 VisualGDB/Debug/_3_/pico-sdk/lib/tinyusb/src/portable/raspberrypi/rp2040/rp2040_usb.o
                0x10005224                hw_endpoint_xfer_continue
 .text.tusb_init
                0x100052c4       0x38 VisualGDB/Debug/_3_/pico-sdk/lib/tinyusb/src/tusb.o
                0x100052c4                tusb_init
 .text.tusb_inited
                0x100052fc       0x3a VisualGDB/Debug/_3_/pico-sdk/lib/tinyusb/src/tusb.o
                0x100052fc                tusb_inited
 .text.tu_edpt_claim
                0x10005336       0x9c VisualGDB/Debug/_3_/pico-sdk/lib/tinyusb/src/tusb.o
                0x10005336                tu_edpt_claim
 .text.tu_edpt_release
                0x100053d2       0x7c VisualGDB/Debug/_3_/pico-sdk/lib/tinyusb/src/tusb.o
                0x100053d2                tu_edpt_release
 *fill*         0x1000544e        0x2 
 .text.tu_edpt_validate
                0x10005450      0x110 VisualGDB/Debug/_3_/pico-sdk/lib/tinyusb/src/tusb.o
                0x10005450                tu_edpt_validate
 .text.tu_edpt_bind_driver
                0x10005560       0x98 VisualGDB/Debug/_3_/pico-sdk/lib/tinyusb/src/tusb.o
                0x10005560                tu_edpt_bind_driver
 .text.critical_section_init
                0x100055f8       0x24 VisualGDB/Debug/_3_/pico-sdk/src/common/pico_sync/critical_section.o
                0x100055f8                critical_section_init
 .text.critical_section_init_with_lock_num
                0x1000561c       0x34 VisualGDB/Debug/_3_/pico-sdk/src/common/pico_sync/critical_section.o
                0x1000561c                critical_section_init_with_lock_num
 .text.lock_init
                0x10005650       0x2c VisualGDB/Debug/_3_/pico-sdk/src/common/pico_sync/lock_core.o
                0x10005650                lock_init
 .text.to_us_since_boot
                0x1000567c       0x18 VisualGDB/Debug/_3_/pico-sdk/src/common/pico_sync/mutex.o
 .text.update_us_since_boot
                0x10005694       0x40 VisualGDB/Debug/_3_/pico-sdk/src/common/pico_sync/mutex.o
 .text.get_absolute_time
                0x100056d4       0x2c VisualGDB/Debug/_3_/pico-sdk/src/common/pico_sync/mutex.o
 .text.delayed_by_ms
                0x10005700       0x80 VisualGDB/Debug/_3_/pico-sdk/src/common/pico_sync/mutex.o
 .text.make_timeout_time_ms
                0x10005780       0x2a VisualGDB/Debug/_3_/pico-sdk/src/common/pico_sync/mutex.o
 .text.mutex_init
                0x100057aa       0x2e VisualGDB/Debug/_3_/pico-sdk/src/common/pico_sync/mutex.o
                0x100057aa                mutex_init
 .text.recursive_mutex_init
                0x100057d8       0x34 VisualGDB/Debug/_3_/pico-sdk/src/common/pico_sync/mutex.o
                0x100057d8                recursive_mutex_init
 .text.to_us_since_boot
                0x1000580c       0x18 VisualGDB/Debug/_3_/pico-sdk/src/common/pico_time/time.o
 .text.update_us_since_boot
                0x10005824       0x40 VisualGDB/Debug/_3_/pico-sdk/src/common/pico_time/time.o
 .text.__get_current_exception
                0x10005864       0x16 VisualGDB/Debug/_3_/pico-sdk/src/common/pico_time/time.o
 *fill*         0x1000587a        0x2 
 .text.time_reached
                0x1000587c       0x64 VisualGDB/Debug/_3_/pico-sdk/src/common/pico_time/time.o
 .text.get_absolute_time
                0x100058e0       0x2c VisualGDB/Debug/_3_/pico-sdk/src/common/pico_time/time.o
 .text.delayed_by_us
                0x1000590c       0x68 VisualGDB/Debug/_3_/pico-sdk/src/common/pico_time/time.o
 .text.absolute_time_diff_us
                0x10005974       0x40 VisualGDB/Debug/_3_/pico-sdk/src/common/pico_time/time.o
 .text.add_alarm_at
                0x100059b4       0x34 VisualGDB/Debug/_3_/pico-sdk/src/common/pico_time/time.o
 .text.cancel_alarm
                0x100059e8       0x22 VisualGDB/Debug/_3_/pico-sdk/src/common/pico_time/time.o
 *fill*         0x10005a0a        0x2 
 .text.ph_get_node
                0x10005a0c       0x54 VisualGDB/Debug/_3_/pico-sdk/src/common/pico_time/time.o
 .text.ph_add_child_node
                0x10005a60       0xc4 VisualGDB/Debug/_3_/pico-sdk/src/common/pico_time/time.o
 .text.ph_merge_nodes
                0x10005b24       0x7e VisualGDB/Debug/_3_/pico-sdk/src/common/pico_time/time.o
 .text.ph_new_node
                0x10005ba2       0x6a VisualGDB/Debug/_3_/pico-sdk/src/common/pico_time/time.o
 .text.ph_insert_node
                0x10005c0c       0x7c VisualGDB/Debug/_3_/pico-sdk/src/common/pico_time/time.o
 .text.ph_peek_head
                0x10005c88       0x14 VisualGDB/Debug/_3_/pico-sdk/src/common/pico_time/time.o
 .text.ph_contains_node
                0x10005c9c       0x46 VisualGDB/Debug/_3_/pico-sdk/src/common/pico_time/time.o
 *fill*         0x10005ce2        0x2 
 .text.ph_free_node
                0x10005ce4       0x98 VisualGDB/Debug/_3_/pico-sdk/src/common/pico_time/time.o
 .text.default_alarm_pool_initialized
                0x10005d7c       0x18 VisualGDB/Debug/_3_/pico-sdk/src/common/pico_time/time.o
 .text.get_entry
                0x10005d94       0x5c VisualGDB/Debug/_3_/pico-sdk/src/common/pico_time/time.o
 .text.get_entry_id_high
                0x10005df0       0x50 VisualGDB/Debug/_3_/pico-sdk/src/common/pico_time/time.o
 .text.timer_pool_entry_comparator
                0x10005e40       0x76 VisualGDB/Debug/_3_/pico-sdk/src/common/pico_time/time.o
                0x10005e40                timer_pool_entry_comparator
 .text.make_public_id
                0x10005eb6       0x26 VisualGDB/Debug/_3_/pico-sdk/src/common/pico_time/time.o
 .text.alarm_pool_init_default
                0x10005edc       0x50 VisualGDB/Debug/_3_/pico-sdk/src/common/pico_time/time.o
                0x10005edc                alarm_pool_init_default
 .text.alarm_pool_get_default
                0x10005f2c       0x30 VisualGDB/Debug/_3_/pico-sdk/src/common/pico_time/time.o
                0x10005f2c                alarm_pool_get_default
 .text.add_alarm_under_lock
                0x10005f5c      0x128 VisualGDB/Debug/_3_/pico-sdk/src/common/pico_time/time.o
 .text.alarm_pool_alarm_callback
                0x10006084      0x414 VisualGDB/Debug/_3_/pico-sdk/src/common/pico_time/time.o
 .text.alarm_pool_post_alloc_init
                0x10006498       0x68 VisualGDB/Debug/_3_/pico-sdk/src/common/pico_time/time.o
 .text.alarm_pool_add_alarm_at
                0x10006500      0x192 VisualGDB/Debug/_3_/pico-sdk/src/common/pico_time/time.o
                0x10006500                alarm_pool_add_alarm_at
 *fill*         0x10006692        0x2 
 .text.alarm_pool_cancel_alarm
                0x10006694      0x128 VisualGDB/Debug/_3_/pico-sdk/src/common/pico_time/time.o
                0x10006694                alarm_pool_cancel_alarm
 .text.sleep_until_callback
                0x100067bc       0x80 VisualGDB/Debug/_3_/pico-sdk/src/common/pico_time/time.o
 .text.best_effort_wfe_or_timeout
                0x1000683c       0x78 VisualGDB/Debug/_3_/pico-sdk/src/common/pico_time/time.o
                0x1000683c                best_effort_wfe_or_timeout
 .text.ph_get_node
                0x100068b4       0x54 VisualGDB/Debug/_3_/pico-sdk/src/common/pico_util/pheap.o
 .text.ph_add_child_node
                0x10006908       0xc4 VisualGDB/Debug/_3_/pico-sdk/src/common/pico_util/pheap.o
 .text.ph_merge_nodes
                0x100069cc       0x7e VisualGDB/Debug/_3_/pico-sdk/src/common/pico_util/pheap.o
 .text.ph_peek_head
                0x10006a4a       0x14 VisualGDB/Debug/_3_/pico-sdk/src/common/pico_util/pheap.o
 .text.ph_remove_and_free_head
                0x10006a5e       0x1c VisualGDB/Debug/_3_/pico-sdk/src/common/pico_util/pheap.o
 .text.ph_post_alloc_init
                0x10006a7a       0x32 VisualGDB/Debug/_3_/pico-sdk/src/common/pico_util/pheap.o
                0x10006a7a                ph_post_alloc_init
 .text.ph_clear
                0x10006aac       0x78 VisualGDB/Debug/_3_/pico-sdk/src/common/pico_util/pheap.o
                0x10006aac                ph_clear
 .text.ph_merge_two_pass
                0x10006b24       0xd0 VisualGDB/Debug/_3_/pico-sdk/src/common/pico_util/pheap.o
                0x10006b24                ph_merge_two_pass
 .text.ph_remove_any_head
                0x10006bf4      0x140 VisualGDB/Debug/_3_/pico-sdk/src/common/pico_util/pheap.o
 .text.ph_remove_head
                0x10006d34       0x44 VisualGDB/Debug/_3_/pico-sdk/src/common/pico_util/pheap.o
                0x10006d34                ph_remove_head
 .text.ph_remove_and_free_node
                0x10006d78      0x154 VisualGDB/Debug/_3_/pico-sdk/src/common/pico_util/pheap.o
                0x10006d78                ph_remove_and_free_node
 .text.hw_claim_lock
                0x10006ecc       0x50 VisualGDB/Debug/_3_/pico-sdk/src/rp2_common/hardware_claim/claim.o
                0x10006ecc                hw_claim_lock
 .text.hw_claim_unlock
                0x10006f1c       0x4c VisualGDB/Debug/_3_/pico-sdk/src/rp2_common/hardware_claim/claim.o
                0x10006f1c                hw_claim_unlock
 .text.hw_is_claimed
                0x10006f68       0x32 VisualGDB/Debug/_3_/pico-sdk/src/rp2_common/hardware_claim/claim.o
                0x10006f68                hw_is_claimed
 .text.hw_claim_or_assert
                0x10006f9a       0x66 VisualGDB/Debug/_3_/pico-sdk/src/rp2_common/hardware_claim/claim.o
                0x10006f9a                hw_claim_or_assert
 .text.hw_claim_unused_from_range
                0x10007000       0xa6 VisualGDB/Debug/_3_/pico-sdk/src/rp2_common/hardware_claim/claim.o
                0x10007000                hw_claim_unused_from_range
 .text.has_glitchless_mux
                0x100070a6       0x32 VisualGDB/Debug/_3_/pico-sdk/src/rp2_common/hardware_clocks/clocks.o
 .text.clock_configure
                0x100070d8      0x274 VisualGDB/Debug/_3_/pico-sdk/src/rp2_common/hardware_clocks/clocks.o
                0x100070d8                clock_configure
 .text.clocks_init
                0x1000734c      0x148 VisualGDB/Debug/_3_/pico-sdk/src/rp2_common/hardware_clocks/clocks.o
                0x1000734c                clocks_init
 .text.clock_get_hz
                0x10007494       0x24 VisualGDB/Debug/_3_/pico-sdk/src/rp2_common/hardware_clocks/clocks.o
                0x10007494                clock_get_hz
 .text.flash_get_unique_id
                0x100074b8       0x70 VisualGDB/Debug/_3_/pico-sdk/src/rp2_common/hardware_flash/flash.o
                0x100074b8                flash_get_unique_id
 .text.check_gpio_param
                0x10007528       0x10 VisualGDB/Debug/_3_/pico-sdk/src/rp2_common/hardware_gpio/gpio.o
 .text.gpio_set_function
                0x10007538       0x6c VisualGDB/Debug/_3_/pico-sdk/src/rp2_common/hardware_gpio/gpio.o
                0x10007538                gpio_set_function
 .text.gpio_set_pulls
                0x100075a4       0x7c VisualGDB/Debug/_3_/pico-sdk/src/rp2_common/hardware_gpio/gpio.o
                0x100075a4                gpio_set_pulls
 .text.gpio_init
                0x10007620       0x36 VisualGDB/Debug/_3_/pico-sdk/src/rp2_common/hardware_gpio/gpio.o
                0x10007620                gpio_init
 .text.__get_current_exception
                0x10007656       0x16 VisualGDB/Debug/_3_/pico-sdk/src/rp2_common/hardware_irq/irq.o
 .text.check_irq_param
                0x1000766c       0x10 VisualGDB/Debug/_3_/pico-sdk/src/rp2_common/hardware_irq/irq.o
 .text.get_vtable
                0x1000767c       0x14 VisualGDB/Debug/_3_/pico-sdk/src/rp2_common/hardware_irq/irq.o
 .text.add_thumb_bit
                0x10007690       0x16 VisualGDB/Debug/_3_/pico-sdk/src/rp2_common/hardware_irq/irq.o
 .text.remove_thumb_bit
                0x100076a6       0x16 VisualGDB/Debug/_3_/pico-sdk/src/rp2_common/hardware_irq/irq.o
 .text.set_raw_irq_handler_and_unlock
                0x100076bc       0x68 VisualGDB/Debug/_3_/pico-sdk/src/rp2_common/hardware_irq/irq.o
 .text.irq_set_enabled
                0x10007724       0x30 VisualGDB/Debug/_3_/pico-sdk/src/rp2_common/hardware_irq/irq.o
                0x10007724                irq_set_enabled
 .text.irq_is_enabled
                0x10007754       0x30 VisualGDB/Debug/_3_/pico-sdk/src/rp2_common/hardware_irq/irq.o
                0x10007754                irq_is_enabled
 .text.irq_set_mask_enabled
                0x10007784       0x40 VisualGDB/Debug/_3_/pico-sdk/src/rp2_common/hardware_irq/irq.o
                0x10007784                irq_set_mask_enabled
 .text.is_shared_irq_raw_handler
                0x100077c4       0x24 VisualGDB/Debug/_3_/pico-sdk/src/rp2_common/hardware_irq/irq.o
 .text.irq_get_vtable_handler
                0x100077e8       0x28 VisualGDB/Debug/_3_/pico-sdk/src/rp2_common/hardware_irq/irq.o
                0x100077e8                irq_get_vtable_handler
 .text.irq_set_exclusive_handler
                0x10007810       0xa4 VisualGDB/Debug/_3_/pico-sdk/src/rp2_common/hardware_irq/irq.o
                0x10007810                irq_set_exclusive_handler
 .text.make_branch
                0x100078b4       0x74 VisualGDB/Debug/_3_/pico-sdk/src/rp2_common/hardware_irq/irq.o
 .text.insert_branch_and_link
                0x10007928       0x74 VisualGDB/Debug/_3_/pico-sdk/src/rp2_common/hardware_irq/irq.o
 .text.resolve_branch
                0x1000799c       0x5c VisualGDB/Debug/_3_/pico-sdk/src/rp2_common/hardware_irq/irq.o
 .text.slot_diff
                0x100079f8       0x30 VisualGDB/Debug/_3_/pico-sdk/src/rp2_common/hardware_irq/irq.o
 .text.get_slot_index
                0x10007a28       0x24 VisualGDB/Debug/_3_/pico-sdk/src/rp2_common/hardware_irq/irq.o
 .text.irq_add_shared_handler
                0x10007a4c      0x2d8 VisualGDB/Debug/_3_/pico-sdk/src/rp2_common/hardware_irq/irq.o
                0x10007a4c                irq_add_shared_handler
 .text.irq_remove_handler
                0x10007d24      0x24c VisualGDB/Debug/_3_/pico-sdk/src/rp2_common/hardware_irq/irq.o
                0x10007d24                irq_remove_handler
 .text.irq_add_tail_to_free_list
                0x10007f70      0x1b4 VisualGDB/Debug/_3_/pico-sdk/src/rp2_common/hardware_irq/irq.o
                0x10007f70                irq_add_tail_to_free_list
 .text.irq_init_priorities
                0x10008124       0x3c VisualGDB/Debug/_3_/pico-sdk/src/rp2_common/hardware_irq/irq.o
                0x10008124                irq_init_priorities
 .text._pio_major_instr_bits
                0x10008160       0x18 VisualGDB/Debug/_3_/pico-sdk/src/rp2_common/hardware_pio/pio.o
 .text._pio_encode_instr_and_args
                0x10008178       0x2c VisualGDB/Debug/_3_/pico-sdk/src/rp2_common/hardware_pio/pio.o
 .text._pio_encode_instr_and_src_dest
                0x100081a4       0x34 VisualGDB/Debug/_3_/pico-sdk/src/rp2_common/hardware_pio/pio.o
 .text.pio_encode_jmp
                0x100081d8       0x1e VisualGDB/Debug/_3_/pico-sdk/src/rp2_common/hardware_pio/pio.o
 .text.pio_encode_set
                0x100081f6       0x28 VisualGDB/Debug/_3_/pico-sdk/src/rp2_common/hardware_pio/pio.o
 .text.check_sm_param
                0x1000821e       0x10 VisualGDB/Debug/_3_/pico-sdk/src/rp2_common/hardware_pio/pio.o
 .text.check_pio_param
                0x1000822e       0x10 VisualGDB/Debug/_3_/pico-sdk/src/rp2_common/hardware_pio/pio.o
 .text.sm_config_set_clkdiv_int_frac
                0x1000823e       0x32 VisualGDB/Debug/_3_/pico-sdk/src/rp2_common/hardware_pio/pio.o
 .text.sm_config_set_wrap
                0x10008270       0x30 VisualGDB/Debug/_3_/pico-sdk/src/rp2_common/hardware_pio/pio.o
 .text.sm_config_set_in_shift
                0x100082a0       0x68 VisualGDB/Debug/_3_/pico-sdk/src/rp2_common/hardware_pio/pio.o
 .text.sm_config_set_out_shift
                0x10008308       0x68 VisualGDB/Debug/_3_/pico-sdk/src/rp2_common/hardware_pio/pio.o
 .text.pio_get_default_sm_config
                0x10008370       0x5c VisualGDB/Debug/_3_/pico-sdk/src/rp2_common/hardware_pio/pio.o
 .text.pio_sm_set_config
                0x100083cc       0x84 VisualGDB/Debug/_3_/pico-sdk/src/rp2_common/hardware_pio/pio.o
 .text.pio_get_index
                0x10008450       0x2c VisualGDB/Debug/_3_/pico-sdk/src/rp2_common/hardware_pio/pio.o
 .text.pio_sm_set_enabled
                0x1000847c       0x48 VisualGDB/Debug/_3_/pico-sdk/src/rp2_common/hardware_pio/pio.o
 .text.pio_sm_restart
                0x100084c4       0x40 VisualGDB/Debug/_3_/pico-sdk/src/rp2_common/hardware_pio/pio.o
 .text.pio_sm_clkdiv_restart
                0x10008504       0x40 VisualGDB/Debug/_3_/pico-sdk/src/rp2_common/hardware_pio/pio.o
 .text.pio_sm_exec
                0x10008544       0x3a VisualGDB/Debug/_3_/pico-sdk/src/rp2_common/hardware_pio/pio.o
 .text.pio_sm_clear_fifos
                0x1000857e       0x6e VisualGDB/Debug/_3_/pico-sdk/src/rp2_common/hardware_pio/pio.o
 .text._pio_find_offset_for_program
                0x100085ec       0xcc VisualGDB/Debug/_3_/pico-sdk/src/rp2_common/hardware_pio/pio.o
 .text._pio_can_add_program_at_offset
                0x100086b8       0x68 VisualGDB/Debug/_3_/pico-sdk/src/rp2_common/hardware_pio/pio.o
 .text._pio_add_program_at_offset
                0x10008720       0xd8 VisualGDB/Debug/_3_/pico-sdk/src/rp2_common/hardware_pio/pio.o
 .text.pio_add_program
                0x100087f8       0x54 VisualGDB/Debug/_3_/pico-sdk/src/rp2_common/hardware_pio/pio.o
                0x100087f8                pio_add_program
 .text.pio_sm_set_consecutive_pindirs
                0x1000884c      0x13c VisualGDB/Debug/_3_/pico-sdk/src/rp2_common/hardware_pio/pio.o
                0x1000884c                pio_sm_set_consecutive_pindirs
 .text.pio_sm_init
                0x10008988       0x98 VisualGDB/Debug/_3_/pico-sdk/src/rp2_common/hardware_pio/pio.o
                0x10008988                pio_sm_init
 .text.reset_block
                0x10008a20       0x2c VisualGDB/Debug/_3_/pico-sdk/src/rp2_common/hardware_pll/pll.o
 .text.unreset_block_wait
                0x10008a4c       0x3c VisualGDB/Debug/_3_/pico-sdk/src/rp2_common/hardware_pll/pll.o
 .text.pll_init
                0x10008a88      0x18c VisualGDB/Debug/_3_/pico-sdk/src/rp2_common/hardware_pll/pll.o
                0x10008a88                pll_init
 .text.spin_locks_reset
                0x10008c14       0x48 VisualGDB/Debug/_3_/pico-sdk/src/rp2_common/hardware_sync/sync.o
                0x10008c14                spin_locks_reset
 .text.next_striped_spin_lock_num
                0x10008c5c       0x30 VisualGDB/Debug/_3_/pico-sdk/src/rp2_common/hardware_sync/sync.o
                0x10008c5c                next_striped_spin_lock_num
 .text.spin_lock_claim_unused
                0x10008c8c       0x30 VisualGDB/Debug/_3_/pico-sdk/src/rp2_common/hardware_sync/sync.o
                0x10008c8c                spin_lock_claim_unused
 .text.to_us_since_boot
                0x10008cbc       0x18 VisualGDB/Debug/_3_/pico-sdk/src/rp2_common/hardware_timer/timer.o
 .text.__get_current_exception
                0x10008cd4       0x16 VisualGDB/Debug/_3_/pico-sdk/src/rp2_common/hardware_timer/timer.o
 .text.check_hardware_alarm_num_param
                0x10008cea       0x10 VisualGDB/Debug/_3_/pico-sdk/src/rp2_common/hardware_timer/timer.o
 *fill*         0x10008cfa        0x2 
 .text.irq_clear
                0x10008cfc       0x24 VisualGDB/Debug/_3_/pico-sdk/src/rp2_common/hardware_timer/timer.o
 .text.hardware_alarm_claim
                0x10008d20       0x2c VisualGDB/Debug/_3_/pico-sdk/src/rp2_common/hardware_timer/timer.o
                0x10008d20                hardware_alarm_claim
 .text.time_us_64
                0x10008d4c       0x60 VisualGDB/Debug/_3_/pico-sdk/src/rp2_common/hardware_timer/timer.o
                0x10008d4c                time_us_64
 .text.harware_alarm_irq_number
                0x10008dac       0x12 VisualGDB/Debug/_3_/pico-sdk/src/rp2_common/hardware_timer/timer.o
 *fill*         0x10008dbe        0x2 
 .text.hardware_alarm_irq_handler
                0x10008dc0      0x13c VisualGDB/Debug/_3_/pico-sdk/src/rp2_common/hardware_timer/timer.o
 .text.hardware_alarm_set_callback
                0x10008efc      0x134 VisualGDB/Debug/_3_/pico-sdk/src/rp2_common/hardware_timer/timer.o
                0x10008efc                hardware_alarm_set_callback
 .text.hardware_alarm_set_target
                0x10009030      0x1c4 VisualGDB/Debug/_3_/pico-sdk/src/rp2_common/hardware_timer/timer.o
                0x10009030                hardware_alarm_set_target
 .text.hardware_alarm_cancel
                0x100091f4       0xb8 VisualGDB/Debug/_3_/pico-sdk/src/rp2_common/hardware_timer/timer.o
                0x100091f4                hardware_alarm_cancel
 .text.uart_get_index
                0x100092ac       0x24 VisualGDB/Debug/_3_/pico-sdk/src/rp2_common/hardware_uart/uart.o
 .text.uart_get_hw
                0x100092d0       0x1a VisualGDB/Debug/_3_/pico-sdk/src/rp2_common/hardware_uart/uart.o
 .text.uart_set_format
                0x100092ea       0x80 VisualGDB/Debug/_3_/pico-sdk/src/rp2_common/hardware_uart/uart.o
 *fill*         0x1000936a        0x2 
 .text.reset_block
                0x1000936c       0x2c VisualGDB/Debug/_3_/pico-sdk/src/rp2_common/hardware_uart/uart.o
 .text.unreset_block_wait
                0x10009398       0x3c VisualGDB/Debug/_3_/pico-sdk/src/rp2_common/hardware_uart/uart.o
 .text.uart_reset
                0x100093d4       0x2c VisualGDB/Debug/_3_/pico-sdk/src/rp2_common/hardware_uart/uart.o
 .text.uart_unreset
                0x10009400       0x2c VisualGDB/Debug/_3_/pico-sdk/src/rp2_common/hardware_uart/uart.o
 .text.uart_init
                0x1000942c       0x98 VisualGDB/Debug/_3_/pico-sdk/src/rp2_common/hardware_uart/uart.o
                0x1000942c                uart_init
 .text.uart_set_baudrate
                0x100094c4       0xbc VisualGDB/Debug/_3_/pico-sdk/src/rp2_common/hardware_uart/uart.o
                0x100094c4                uart_set_baudrate
 .text.uart_set_translate_crlf
                0x10009580       0x3c VisualGDB/Debug/_3_/pico-sdk/src/rp2_common/hardware_uart/uart.o
                0x10009580                uart_set_translate_crlf
 .text.watchdog_start_tick
                0x100095bc       0x20 VisualGDB/Debug/_3_/pico-sdk/src/rp2_common/hardware_watchdog/watchdog.o
                0x100095bc                watchdog_start_tick
 .text.xosc_init
                0x100095dc       0x48 VisualGDB/Debug/_3_/pico-sdk/src/rp2_common/hardware_xosc/xosc.o
                0x100095dc                xosc_init
 .text.rom_func_lookup
                0x10009624       0x2c VisualGDB/Debug/_3_/pico-sdk/src/rp2_common/pico_bootrom/bootrom.o
                0x10009624                rom_func_lookup
 .text.rom_data_lookup
                0x10009650       0x28 VisualGDB/Debug/_3_/pico-sdk/src/rp2_common/pico_bootrom/bootrom.o
                0x10009650                rom_data_lookup
 .text.rom_funcs_lookup
                0x10009678       0x68 VisualGDB/Debug/_3_/pico-sdk/src/rp2_common/pico_bootrom/bootrom.o
                0x10009678                rom_funcs_lookup
 .text.rp2040_rom_version
                0x100096e0        0xe VisualGDB/Debug/_3_/pico-sdk/src/rp2_common/pico_double/double_init_rom.o
 .text.rom_table_code
                0x100096ee       0x26 VisualGDB/Debug/_3_/pico-sdk/src/rp2_common/pico_double/double_init_rom.o
 .text.missing_double_func_shim
                0x10009714       0x10 VisualGDB/Debug/_3_/pico-sdk/src/rp2_common/pico_double/double_init_rom.o
 .text.__aeabi_double_init
                0x10009724      0x100 VisualGDB/Debug/_3_/pico-sdk/src/rp2_common/pico_double/double_init_rom.o
                0x10009724                __aeabi_double_init
 .text.rp2040_rom_version
                0x10009824        0xe VisualGDB/Debug/_3_/pico-sdk/src/rp2_common/pico_float/float_init_rom.o
 .text.rom_table_code
                0x10009832       0x26 VisualGDB/Debug/_3_/pico-sdk/src/rp2_common/pico_float/float_init_rom.o
 .text.missing_float_func_shim
                0x10009858       0x10 VisualGDB/Debug/_3_/pico-sdk/src/rp2_common/pico_float/float_init_rom.o
 .text.__aeabi_float_init
                0x10009868       0xb8 VisualGDB/Debug/_3_/pico-sdk/src/rp2_common/pico_float/float_init_rom.o
                0x10009868                __aeabi_float_init
 .text.running_on_fpga
                0x10009920       0x1c VisualGDB/Debug/_3_/pico-sdk/src/rp2_common/pico_platform/platform.o
                0x10009920                running_on_fpga
 .text._out_null
                0x1000993c       0x1c VisualGDB/Debug/_3_/pico-sdk/src/rp2_common/pico_printf/printf.o
 .text._out_fct
                0x10009958       0x36 VisualGDB/Debug/_3_/pico-sdk/src/rp2_common/pico_printf/printf.o
 .text._strnlen_s
                0x1000998e       0x36 VisualGDB/Debug/_3_/pico-sdk/src/rp2_common/pico_printf/printf.o
 .text._is_digit
                0x100099c4       0x32 VisualGDB/Debug/_3_/pico-sdk/src/rp2_common/pico_printf/printf.o
 .text._atoi    0x100099f6       0x46 VisualGDB/Debug/_3_/pico-sdk/src/rp2_common/pico_printf/printf.o
 .text._out_rev
                0x10009a3c       0x9a VisualGDB/Debug/_3_/pico-sdk/src/rp2_common/pico_printf/printf.o
 .text._ntoa_format
                0x10009ad6      0x1ac VisualGDB/Debug/_3_/pico-sdk/src/rp2_common/pico_printf/printf.o
 .text._ntoa_long
                0x10009c82       0xd2 VisualGDB/Debug/_3_/pico-sdk/src/rp2_common/pico_printf/printf.o
 .text._ntoa_long_long
                0x10009d54       0xe6 VisualGDB/Debug/_3_/pico-sdk/src/rp2_common/pico_printf/printf.o
 *fill*         0x10009e3a        0x2 
 .text._ftoa    0x10009e3c      0x494 VisualGDB/Debug/_3_/pico-sdk/src/rp2_common/pico_printf/printf.o
 .text._etoa    0x1000a2d0      0x594 VisualGDB/Debug/_3_/pico-sdk/src/rp2_common/pico_printf/printf.o
 .text._vsnprintf
                0x1000a864      0x8a0 VisualGDB/Debug/_3_/pico-sdk/src/rp2_common/pico_printf/printf.o
 .text.vfctprintf
                0x1000b104       0x40 VisualGDB/Debug/_3_/pico-sdk/src/rp2_common/pico_printf/printf.o
                0x1000b104                vfctprintf
 .text.__breakpoint
                0x1000b144        0xc VisualGDB/Debug/_3_/pico-sdk/src/rp2_common/pico_runtime/runtime.o
 .text.__get_current_exception
                0x1000b150       0x16 VisualGDB/Debug/_3_/pico-sdk/src/rp2_common/pico_runtime/runtime.o
 *fill*         0x1000b166        0x2 
 .text.reset_block
                0x1000b168       0x2c VisualGDB/Debug/_3_/pico-sdk/src/rp2_common/pico_runtime/runtime.o
 .text.unreset_block_wait
                0x1000b194       0x3c VisualGDB/Debug/_3_/pico-sdk/src/rp2_common/pico_runtime/runtime.o
 .text.runtime_init
                0x1000b1d0      0x130 VisualGDB/Debug/_3_/pico-sdk/src/rp2_common/pico_runtime/runtime.o
                0x1000b1d0                runtime_init
 .text._exit    0x1000b300        0xe VisualGDB/Debug/_3_/pico-sdk/src/rp2_common/pico_runtime/runtime.o
                0x1000b300                _exit
 .text.exit     0x1000b30e       0x10 VisualGDB/Debug/_3_/pico-sdk/src/rp2_common/pico_runtime/runtime.o
                0x1000b30e                exit
 *fill*         0x1000b31e        0x2 
 .text.__assert_func
                0x1000b320       0x4c VisualGDB/Debug/_3_/pico-sdk/src/rp2_common/pico_runtime/runtime.o
                0x1000b320                __assert_func
 .text.panic    0x1000b36c       0x40 VisualGDB/Debug/_3_/pico-sdk/src/rp2_common/pico_runtime/runtime.o
                0x1000b36c                panic
 .text.to_us_since_boot
                0x1000b3ac       0x18 VisualGDB/Debug/_3_/pico-sdk/src/rp2_common/pico_stdio/stdio.o
 .text.update_us_since_boot
                0x1000b3c4       0x40 VisualGDB/Debug/_3_/pico-sdk/src/rp2_common/pico_stdio/stdio.o
 .text.get_absolute_time
                0x1000b404       0x2c VisualGDB/Debug/_3_/pico-sdk/src/rp2_common/pico_stdio/stdio.o
 .text.delayed_by_ms
                0x1000b430       0x80 VisualGDB/Debug/_3_/pico-sdk/src/rp2_common/pico_stdio/stdio.o
 .text.make_timeout_time_ms
                0x1000b4b0       0x2a VisualGDB/Debug/_3_/pico-sdk/src/rp2_common/pico_stdio/stdio.o
 *fill*         0x1000b4da        0x2 
 .text.stdout_serialize_begin
                0x1000b4dc       0x30 VisualGDB/Debug/_3_/pico-sdk/src/rp2_common/pico_stdio/stdio.o
                0x1000b4dc                stdout_serialize_begin
 .text.stdout_serialize_end
                0x1000b50c       0x18 VisualGDB/Debug/_3_/pico-sdk/src/rp2_common/pico_stdio/stdio.o
                0x1000b50c                stdout_serialize_end
 .text.stdio_out_chars_no_crlf
                0x1000b524       0x20 VisualGDB/Debug/_3_/pico-sdk/src/rp2_common/pico_stdio/stdio.o
 .text.stdio_out_chars_crlf
                0x1000b544       0xf4 VisualGDB/Debug/_3_/pico-sdk/src/rp2_common/pico_stdio/stdio.o
 .text.stdio_put_string
                0x1000b638       0xcc VisualGDB/Debug/_3_/pico-sdk/src/rp2_common/pico_stdio/stdio.o
 .text.__wrap_puts
                0x1000b704       0x2e VisualGDB/Debug/_3_/pico-sdk/src/rp2_common/pico_stdio/stdio.o
                0x1000b704                __wrap_puts
 *fill*         0x1000b732        0x2 
 .text.stdio_set_driver_enabled
                0x1000b734       0x68 VisualGDB/Debug/_3_/pico-sdk/src/rp2_common/pico_stdio/stdio.o
                0x1000b734                stdio_set_driver_enabled
 .text.stdio_flush
                0x1000b79c       0x38 VisualGDB/Debug/_3_/pico-sdk/src/rp2_common/pico_stdio/stdio.o
                0x1000b79c                stdio_flush
 .text.stdio_stack_buffer_flush
                0x1000b7d4       0x6c VisualGDB/Debug/_3_/pico-sdk/src/rp2_common/pico_stdio/stdio.o
 .text.stdio_buffered_printer
                0x1000b840       0x3e VisualGDB/Debug/_3_/pico-sdk/src/rp2_common/pico_stdio/stdio.o
 *fill*         0x1000b87e        0x2 
 .text.__wrap_vprintf
                0x1000b880       0x5c VisualGDB/Debug/_3_/pico-sdk/src/rp2_common/pico_stdio/stdio.o
                0x1000b880                __wrap_vprintf
 .text.__wrap_printf
                0x1000b8dc       0x2e VisualGDB/Debug/_3_/pico-sdk/src/rp2_common/pico_stdio/stdio.o
                0x1000b8dc                __wrap_printf
 *fill*         0x1000b90a        0x2 
 .text.uart_get_index
                0x1000b90c       0x24 VisualGDB/Debug/_3_/pico-sdk/src/rp2_common/pico_stdio_uart/stdio_uart.o
 .text.uart_get_hw
                0x1000b930       0x1a VisualGDB/Debug/_3_/pico-sdk/src/rp2_common/pico_stdio_uart/stdio_uart.o
 .text.uart_set_irq_enables
                0x1000b94a       0xde VisualGDB/Debug/_3_/pico-sdk/src/rp2_common/pico_stdio_uart/stdio_uart.o
 .text.uart_is_writable
                0x1000ba28       0x26 VisualGDB/Debug/_3_/pico-sdk/src/rp2_common/pico_stdio_uart/stdio_uart.o
 .text.uart_is_readable
                0x1000ba4e       0x26 VisualGDB/Debug/_3_/pico-sdk/src/rp2_common/pico_stdio_uart/stdio_uart.o
 .text.uart_write_blocking
                0x1000ba74       0x58 VisualGDB/Debug/_3_/pico-sdk/src/rp2_common/pico_stdio_uart/stdio_uart.o
 .text.uart_read_blocking
                0x1000bacc       0x58 VisualGDB/Debug/_3_/pico-sdk/src/rp2_common/pico_stdio_uart/stdio_uart.o
 .text.uart_putc_raw
                0x1000bb24       0x22 VisualGDB/Debug/_3_/pico-sdk/src/rp2_common/pico_stdio_uart/stdio_uart.o
 *fill*         0x1000bb46        0x2 
 .text.uart_putc
                0x1000bb48       0x4c VisualGDB/Debug/_3_/pico-sdk/src/rp2_common/pico_stdio_uart/stdio_uart.o
 .text.uart_getc
                0x1000bb94       0x22 VisualGDB/Debug/_3_/pico-sdk/src/rp2_common/pico_stdio_uart/stdio_uart.o
 *fill*         0x1000bbb6        0x2 
 .text.stdio_uart_init_full
                0x1000bbb8       0x5c VisualGDB/Debug/_3_/pico-sdk/src/rp2_common/pico_stdio_uart/stdio_uart.o
                0x1000bbb8                stdio_uart_init_full
 .text.stdio_uart_out_chars
                0x1000bc14       0x40 VisualGDB/Debug/_3_/pico-sdk/src/rp2_common/pico_stdio_uart/stdio_uart.o
 .text.stdio_uart_in_chars
                0x1000bc54       0x74 VisualGDB/Debug/_3_/pico-sdk/src/rp2_common/pico_stdio_uart/stdio_uart.o
                0x1000bc54                stdio_uart_in_chars
 .text.on_uart_rx
                0x1000bcc8       0x38 VisualGDB/Debug/_3_/pico-sdk/src/rp2_common/pico_stdio_uart/stdio_uart.o
 .text.stdio_uart_set_chars_available_callback
                0x1000bd00       0xa4 VisualGDB/Debug/_3_/pico-sdk/src/rp2_common/pico_stdio_uart/stdio_uart.o
 .text._retrieve_unique_id_on_boot
                0x1000bda4       0x18 VisualGDB/Debug/_3_/pico-sdk/src/rp2_common/pico_unique_id/unique_id.o
 .text.pico_get_unique_board_id
                0x1000bdbc       0x24 VisualGDB/Debug/_3_/pico-sdk/src/rp2_common/pico_unique_id/unique_id.o
                0x1000bdbc                pico_get_unique_board_id
 .text.uart_get_index
                0x1000bde0       0x24 VisualGDB/Debug/Local/src/cdc_uart.o
 .text.uart_get_hw
                0x1000be04       0x1a VisualGDB/Debug/Local/src/cdc_uart.o
 .text.uart_is_writable
                0x1000be1e       0x26 VisualGDB/Debug/Local/src/cdc_uart.o
 .text.uart_is_readable
                0x1000be44       0x26 VisualGDB/Debug/Local/src/cdc_uart.o
 .text.uart_write_blocking
                0x1000be6a       0x58 VisualGDB/Debug/Local/src/cdc_uart.o
 .text.uart_read_blocking
                0x1000bec2       0x58 VisualGDB/Debug/Local/src/cdc_uart.o
 .text.uart_getc
                0x1000bf1a       0x22 VisualGDB/Debug/Local/src/cdc_uart.o
 .text.tud_cdc_n_write_char
                0x1000bf3c       0x2a VisualGDB/Debug/Local/src/cdc_uart.o
 .text.tud_cdc_connected
                0x1000bf66       0x12 VisualGDB/Debug/Local/src/cdc_uart.o
 .text.tud_cdc_available
                0x1000bf78       0x12 VisualGDB/Debug/Local/src/cdc_uart.o
 .text.tud_cdc_read
                0x1000bf8a       0x20 VisualGDB/Debug/Local/src/cdc_uart.o
 .text.tud_cdc_write_char
                0x1000bfaa       0x22 VisualGDB/Debug/Local/src/cdc_uart.o
 .text.tud_cdc_write_flush
                0x1000bfcc       0x12 VisualGDB/Debug/Local/src/cdc_uart.o
 *fill*         0x1000bfde        0x2 
 .text.cdc_uart_init
                0x1000bfe0       0x2c VisualGDB/Debug/Local/src/cdc_uart.o
                0x1000bfe0                cdc_uart_init
 .text.cdc_task
                0x1000c00c       0xc8 VisualGDB/Debug/Local/src/cdc_uart.o
                0x1000c00c                cdc_task
 .text.tud_cdc_line_coding_cb
                0x1000c0d4       0x3c VisualGDB/Debug/Local/src/cdc_uart.o
                0x1000c0d4                tud_cdc_line_coding_cb
 .text.usb_serial_init
                0x1000c110       0x84 VisualGDB/Debug/Local/src/get_serial.o
                0x1000c110                usb_serial_init
 .text.gpio_set_mask
                0x1000c194       0x18 VisualGDB/Debug/Local/src/led.o
 .text.gpio_clr_mask
                0x1000c1ac       0x18 VisualGDB/Debug/Local/src/led.o
 .text.gpio_put
                0x1000c1c4       0x3a VisualGDB/Debug/Local/src/led.o
 .text.gpio_set_dir_out_masked
                0x1000c1fe       0x18 VisualGDB/Debug/Local/src/led.o
 .text.gpio_set_dir_in_masked
                0x1000c216       0x18 VisualGDB/Debug/Local/src/led.o
 .text.gpio_set_dir
                0x1000c22e       0x3a VisualGDB/Debug/Local/src/led.o
 .text.led_init
                0x1000c268       0x2c VisualGDB/Debug/Local/src/led.o
                0x1000c268                led_init
 .text.led_task
                0x1000c294       0x38 VisualGDB/Debug/Local/src/led.o
                0x1000c294                led_task
 .text.led_signal_activity
                0x1000c2cc       0x3c VisualGDB/Debug/Local/src/led.o
                0x1000c2cc                led_signal_activity
 .text.main     0x1000c308       0x38 VisualGDB/Debug/Local/src/main.o
                0x1000c308                main
 .text.gpio_pull_up
                0x1000c340       0x1c VisualGDB/Debug/Local/src/probe.o
 .text.gpio_set_mask
                0x1000c35c       0x18 VisualGDB/Debug/Local/src/probe.o
 .text.gpio_clr_mask
                0x1000c374       0x18 VisualGDB/Debug/Local/src/probe.o
 .text.gpio_set_dir_out_masked
                0x1000c38c       0x18 VisualGDB/Debug/Local/src/probe.o
 .text.gpio_set_dir_in_masked
                0x1000c3a4       0x18 VisualGDB/Debug/Local/src/probe.o
 .text.gpio_set_dir
                0x1000c3bc       0x3a VisualGDB/Debug/Local/src/probe.o
 .text._pio_encode_instr_and_args
                0x1000c3f6       0x2c VisualGDB/Debug/Local/src/probe.o
 .text.pio_encode_jmp
                0x1000c422       0x1e VisualGDB/Debug/Local/src/probe.o
 .text.check_sm_param
                0x1000c440       0x10 VisualGDB/Debug/Local/src/probe.o
 .text.check_pio_param
                0x1000c450       0x10 VisualGDB/Debug/Local/src/probe.o
 .text.sm_config_set_out_pins
                0x1000c460       0x30 VisualGDB/Debug/Local/src/probe.o
 .text.sm_config_set_set_pins
                0x1000c490       0x30 VisualGDB/Debug/Local/src/probe.o
 .text.sm_config_set_in_pins
                0x1000c4c0       0x28 VisualGDB/Debug/Local/src/probe.o
 .text.sm_config_set_sideset_pins
                0x1000c4e8       0x28 VisualGDB/Debug/Local/src/probe.o
 .text.sm_config_set_sideset
                0x1000c510       0x64 VisualGDB/Debug/Local/src/probe.o
 .text.sm_config_set_clkdiv_int_frac
                0x1000c574       0x32 VisualGDB/Debug/Local/src/probe.o
 *fill*         0x1000c5a6        0x2 
 .text.sm_config_set_wrap
                0x1000c5a8       0x30 VisualGDB/Debug/Local/src/probe.o
 .text.sm_config_set_in_shift
                0x1000c5d8       0x68 VisualGDB/Debug/Local/src/probe.o
 .text.sm_config_set_out_shift
                0x1000c640       0x68 VisualGDB/Debug/Local/src/probe.o
 .text.pio_get_default_sm_config
                0x1000c6a8       0x5c VisualGDB/Debug/Local/src/probe.o
 .text.pio_gpio_init
                0x1000c704       0x38 VisualGDB/Debug/Local/src/probe.o
 .text.pio_sm_set_enabled
                0x1000c73c       0x48 VisualGDB/Debug/Local/src/probe.o
 .text.pio_sm_exec
                0x1000c784       0x3a VisualGDB/Debug/Local/src/probe.o
 .text.pio_sm_put
                0x1000c7be       0x30 VisualGDB/Debug/Local/src/probe.o
 .text.pio_sm_get
                0x1000c7ee       0x2c VisualGDB/Debug/Local/src/probe.o
 .text.pio_sm_is_rx_fifo_empty
                0x1000c81a       0x38 VisualGDB/Debug/Local/src/probe.o
 .text.pio_sm_is_tx_fifo_full
                0x1000c852       0x38 VisualGDB/Debug/Local/src/probe.o
 .text.pio_sm_put_blocking
                0x1000c88a       0x44 VisualGDB/Debug/Local/src/probe.o
 .text.pio_sm_get_blocking
                0x1000c8ce       0x44 VisualGDB/Debug/Local/src/probe.o
 .text.pio_sm_set_clkdiv_int_frac
                0x1000c912       0x52 VisualGDB/Debug/Local/src/probe.o
 .text.probe_program_get_default_config
                0x1000c964       0x44 VisualGDB/Debug/Local/src/probe.o
 .text.tud_vendor_available
                0x1000c9a8       0x12 VisualGDB/Debug/Local/src/probe.o
 .text.tud_vendor_read
                0x1000c9ba       0x20 VisualGDB/Debug/Local/src/probe.o
 .text.tud_vendor_write
                0x1000c9da       0x20 VisualGDB/Debug/Local/src/probe.o
 *fill*         0x1000c9fa        0x2 
 .text.probe_set_swclk_freq
                0x1000c9fc       0x48 VisualGDB/Debug/Local/src/probe.o
                0x1000c9fc                probe_set_swclk_freq
 .text.probe_assert_reset
                0x1000ca44       0x20 VisualGDB/Debug/Local/src/probe.o
 .text.probe_write_bits
                0x1000ca64       0x8c VisualGDB/Debug/Local/src/probe.o
 .text.probe_read_bits
                0x1000caf0       0x80 VisualGDB/Debug/Local/src/probe.o
 .text.probe_read_mode
                0x1000cb70       0x40 VisualGDB/Debug/Local/src/probe.o
 .text.probe_write_mode
                0x1000cbb0       0x40 VisualGDB/Debug/Local/src/probe.o
 .text.probe_init
                0x1000cbf0       0xe4 VisualGDB/Debug/Local/src/probe.o
                0x1000cbf0                probe_init
 .text.probe_handle_read
                0x1000ccd4       0x60 VisualGDB/Debug/Local/src/probe.o
                0x1000ccd4                probe_handle_read
 .text.probe_handle_write
                0x1000cd34       0x56 VisualGDB/Debug/Local/src/probe.o
                0x1000cd34                probe_handle_write
 *fill*         0x1000cd8a        0x2 
 .text.probe_prepare_read_header
                0x1000cd8c       0x44 VisualGDB/Debug/Local/src/probe.o
                0x1000cd8c                probe_prepare_read_header
 .text.probe_handle_pkt
                0x1000cdd0      0x1d4 VisualGDB/Debug/Local/src/probe.o
                0x1000cdd0                probe_handle_pkt
 .text.probe_task
                0x1000cfa4       0x8c VisualGDB/Debug/Local/src/probe.o
                0x1000cfa4                probe_task
 .text.tud_descriptor_device_cb
                0x1000d030       0x10 VisualGDB/Debug/Local/src/usb_descriptors.o
                0x1000d030                tud_descriptor_device_cb
 .text.tud_descriptor_configuration_cb
                0x1000d040       0x1c VisualGDB/Debug/Local/src/usb_descriptors.o
                0x1000d040                tud_descriptor_configuration_cb
 .text.tud_descriptor_string_cb
                0x1000d05c       0xdc VisualGDB/Debug/Local/src/usb_descriptors.o
                0x1000d05c                tud_descriptor_string_cb
 .text          0x1000d138       0x10 VisualGDB/Debug/_3_/pico-sdk/src/rp2_common/pico_bit_ops/bit_ops_aeabi.o
 .text.__wrap___aeabi_idiv
                0x1000d148       0x50 VisualGDB/Debug/_3_/pico-sdk/src/rp2_common/pico_divider/divider.o
                0x1000d148                __wrap___aeabi_idivmod
                0x1000d148                divmod_s32s32
                0x1000d148                div_s32s32
                0x1000d148                __wrap___aeabi_idiv
                0x1000d150                divmod_s32s32_unsafe
                0x1000d17c                divmod_s32s32_savestate
 .text.__wrap___aeabi_uidiv
                0x1000d198       0x4c VisualGDB/Debug/_3_/pico-sdk/src/rp2_common/pico_divider/divider.o
                0x1000d198                __wrap___aeabi_uidiv
                0x1000d198                __wrap___aeabi_uidivmod
                0x1000d198                div_u32u32
                0x1000d198                divmod_u32u32
                0x1000d1a0                divmod_u32u32_unsafe
                0x1000d1c8                divmod_u32u32_savestate
 .text.__wrap___aeabi_ldiv
                0x1000d1e4      0x424 VisualGDB/Debug/_3_/pico-sdk/src/rp2_common/pico_divider/divider.o
                0x1000d1e4                div_s64s64
                0x1000d1e4                divmod_s64s64
                0x1000d1e4                __wrap___aeabi_ldivmod
                0x1000d214                divmod_u64u64
                0x1000d214                div_u64u64
                0x1000d214                __wrap___aeabi_uldivmod
                0x1000d224                divmod_u64u64_savestate
                0x1000d244                divmod_s64s64_unsafe
                0x1000d2cc                divmod_u64u64_unsafe
 .text.__wrap___aeabi_darithmetic
                0x1000d608       0x60 VisualGDB/Debug/_3_/pico-sdk/src/rp2_common/pico_double/double_aeabi.o
                0x1000d608                __wrap___aeabi_drsub
                0x1000d60e                __wrap___aeabi_dsub
                0x1000d618                __wrap___aeabi_dadd
                0x1000d622                __wrap___aeabi_ddiv
                0x1000d656                __wrap___aeabi_dmul
 .text.__wrap___aeabi_cdcmple
                0x1000d668       0x6c VisualGDB/Debug/_3_/pico-sdk/src/rp2_common/pico_double/double_aeabi.o
                0x1000d668                __wrap___aeabi_cdrcmple
                0x1000d678                __wrap___aeabi_cdcmpeq
                0x1000d678                __wrap___aeabi_cdcmple
 .text.__wrap___aeabi_dcmplt
                0x1000d6d4        0xc VisualGDB/Debug/_3_/pico-sdk/src/rp2_common/pico_double/double_aeabi.o
                0x1000d6d4                __wrap___aeabi_dcmplt
 .text.__wrap___aeabi_dcmpge
                0x1000d6e0       0x10 VisualGDB/Debug/_3_/pico-sdk/src/rp2_common/pico_double/double_aeabi.o
                0x1000d6e0                __wrap___aeabi_dcmpge
 .text.__wrap___aeabi_dcmpgt
                0x1000d6f0        0xa VisualGDB/Debug/_3_/pico-sdk/src/rp2_common/pico_double/double_aeabi.o
                0x1000d6f0                __wrap___aeabi_dcmpgt
 .text.__wrap___aeabi_dcmpun
                0x1000d6fa       0x1c VisualGDB/Debug/_3_/pico-sdk/src/rp2_common/pico_double/double_aeabi.o
                0x1000d6fa                __wrap___aeabi_dcmpun
 *fill*         0x1000d716        0x2 
 .text.__wrap___aeabi_i2d
                0x1000d718       0x38 VisualGDB/Debug/_3_/pico-sdk/src/rp2_common/pico_double/double_aeabi.o
                0x1000d718                __wrap___aeabi_ui2d
                0x1000d720                __wrap___aeabi_i2d
 .text.__wrap___aeabi_d2iz
                0x1000d750       0x48 VisualGDB/Debug/_3_/pico-sdk/src/rp2_common/pico_double/double_aeabi.o
                0x1000d750                double2int_z
                0x1000d750                __wrap___aeabi_d2iz
 .text.__wrap___aeabi_d2uiz
                0x1000d798       0x10 VisualGDB/Debug/_3_/pico-sdk/src/rp2_common/pico_double/double_aeabi.o
                0x1000d798                __wrap___aeabi_d2uiz
                0x1000d798                double2uint
 .text.double_table_shim_on_use_helper
                0x1000d7a8       0x34 VisualGDB/Debug/_3_/pico-sdk/src/rp2_common/pico_double/double_v1_rom_shim.o
                0x1000d7a8                double_table_shim_on_use_helper
 .text.__aeabi_lmul
                0x1000d7dc       0x32 VisualGDB/Debug/_3_/pico-sdk/src/rp2_common/pico_int64_ops/pico_int64_ops_aeabi.o
                0x1000d7dc                __wrap___aeabi_lmul
 *fill*         0x1000d80e        0x2 
 .text          0x1000d810       0x10 VisualGDB/Debug/_3_/pico-sdk/src/rp2_common/pico_mem_ops/mem_ops_aeabi.o
                0x1000d810                __aeabi_mem_init
 .text.memset   0x1000d820        0xc VisualGDB/Debug/_3_/pico-sdk/src/rp2_common/pico_mem_ops/mem_ops_aeabi.o
                0x1000d820                __wrap_memset
 .text.memcpy   0x1000d82c        0xc VisualGDB/Debug/_3_/pico-sdk/src/rp2_common/pico_mem_ops/mem_ops_aeabi.o
                0x1000d82c                __wrap_memcpy
                0x1000d82c                __wrap___aeabi_memcpy
 .text.strlen   0x1000d838       0x5c c:/sysgcc/arm-eabi/bin/../lib/gcc/arm-none-eabi/10.3.1/../../../../arm-none-eabi/lib/thumb/v6-m/nofp\libc.a(lib_a-strlen-stub.o)
                0x1000d838                strlen
 *(.fini)
 .fini          0x1000d894        0x4 c:/sysgcc/arm-eabi/bin/../lib/gcc/arm-none-eabi/10.3.1/thumb/v6-m/nofp/crti.o
                0x1000d894                _fini
 .fini.__stub   0x1000d898       0x70 linker stubs
 *crtbegin.o(.ctors)
 *crtbegin?.o(.ctors)
 *(EXCLUDE_FILE(*crtend.o *crtend?.o) .ctors)
 *(SORT_BY_NAME(.ctors.*))
 *(.ctors)
 *crtbegin.o(.dtors)
 *crtbegin?.o(.dtors)
 *(EXCLUDE_FILE(*crtend.o *crtend?.o) .dtors)
 *(SORT_BY_NAME(.dtors.*))
 *(.dtors)
 *(.eh_frame*)
 .eh_frame      0x1000d908        0x0 c:/sysgcc/arm-eabi/bin/../lib/gcc/arm-none-eabi/10.3.1/thumb/v6-m/nofp/crtbegin.o
                0x1000d908                . = ALIGN (0x4)

.glue_7         0x1000d908        0x0
 .glue_7        0x1000d908        0x0 linker stubs

.glue_7t        0x1000d908        0x0
 .glue_7t       0x1000d908        0x0 linker stubs

.vfp11_veneer   0x1000d908        0x0
 .vfp11_veneer  0x1000d908        0x0 linker stubs

.v4_bx          0x1000d908        0x0
 .v4_bx         0x1000d908        0x0 linker stubs

.iplt           0x1000d908        0x0
 .iplt          0x1000d908        0x0 c:/sysgcc/arm-eabi/bin/../lib/gcc/arm-none-eabi/10.3.1/thumb/v6-m/nofp/crtbegin.o

.rodata         0x1000d908     0x1c5c
 *(EXCLUDE_FILE(*libm.a: *libc.a:*lib_a-mem*.o *libgcc.a:) .rodata*)
 .rodata.__bi_152.3
                0x1000d908        0x8 VisualGDB/Debug/_3_/pico-sdk/lib/tinyusb/hw/bsp/rp2040/family.o
 .rodata        0x1000d910        0x4 VisualGDB/Debug/_3_/pico-sdk/lib/tinyusb/hw/bsp/rp2040/family.o
 .rodata.__bi_142.1
                0x1000d914        0xc VisualGDB/Debug/_3_/pico-sdk/lib/tinyusb/hw/bsp/rp2040/family.o
 .rodata        0x1000d920       0x17 VisualGDB/Debug/_3_/pico-sdk/lib/tinyusb/src/class/cdc/cdc_device.o
 *fill*         0x1000d937        0x1 
 .rodata.__func__.2
                0x1000d938       0x16 VisualGDB/Debug/_3_/pico-sdk/lib/tinyusb/src/class/cdc/cdc_device.o
 *fill*         0x1000d94e        0x2 
 .rodata.__func__.1
                0x1000d950        0xa VisualGDB/Debug/_3_/pico-sdk/lib/tinyusb/src/class/cdc/cdc_device.o
 *fill*         0x1000d95a        0x2 
 .rodata.__func__.0
                0x1000d95c        0xd VisualGDB/Debug/_3_/pico-sdk/lib/tinyusb/src/class/cdc/cdc_device.o
 *fill*         0x1000d969        0x3 
 .rodata        0x1000d96c       0x17 VisualGDB/Debug/_3_/pico-sdk/lib/tinyusb/src/class/vendor/vendor_device.o
 *fill*         0x1000d983        0x1 
 .rodata.__func__.1
                0x1000d984        0xf VisualGDB/Debug/_3_/pico-sdk/lib/tinyusb/src/class/vendor/vendor_device.o
 *fill*         0x1000d993        0x1 
 .rodata.__func__.0
                0x1000d994        0xd VisualGDB/Debug/_3_/pico-sdk/lib/tinyusb/src/class/vendor/vendor_device.o
 *fill*         0x1000d9a1        0x3 
 .rodata._usbd_driver
                0x1000d9a4       0x30 VisualGDB/Debug/_3_/pico-sdk/lib/tinyusb/src/device/usbd.o
 .rodata        0x1000d9d4       0x17 VisualGDB/Debug/_3_/pico-sdk/lib/tinyusb/src/device/usbd.o
 *fill*         0x1000d9eb        0x1 
 .rodata.tud_task_ext
                0x1000d9ec       0x24 VisualGDB/Debug/_3_/pico-sdk/lib/tinyusb/src/device/usbd.o
 .rodata.process_control_request
                0x1000da10       0x28 VisualGDB/Debug/_3_/pico-sdk/lib/tinyusb/src/device/usbd.o
 .rodata.process_get_descriptor
                0x1000da38       0x40 VisualGDB/Debug/_3_/pico-sdk/lib/tinyusb/src/device/usbd.o
 .rodata.__func__.11
                0x1000da78        0x9 VisualGDB/Debug/_3_/pico-sdk/lib/tinyusb/src/device/usbd.o
 *fill*         0x1000da81        0x3 
 .rodata.__func__.10
                0x1000da84       0x14 VisualGDB/Debug/_3_/pico-sdk/lib/tinyusb/src/device/usbd.o
 .rodata.__func__.9
                0x1000da98        0xd VisualGDB/Debug/_3_/pico-sdk/lib/tinyusb/src/device/usbd.o
 *fill*         0x1000daa5        0x3 
 .rodata.__func__.8
                0x1000daa8       0x18 VisualGDB/Debug/_3_/pico-sdk/lib/tinyusb/src/device/usbd.o
 .rodata.__func__.7
                0x1000dac0       0x13 VisualGDB/Debug/_3_/pico-sdk/lib/tinyusb/src/device/usbd.o
 *fill*         0x1000dad3        0x1 
 .rodata.__func__.6
                0x1000dad4       0x17 VisualGDB/Debug/_3_/pico-sdk/lib/tinyusb/src/device/usbd.o
 *fill*         0x1000daeb        0x1 
 .rodata.__func__.5
                0x1000daec       0x10 VisualGDB/Debug/_3_/pico-sdk/lib/tinyusb/src/device/usbd.o
 .rodata.__func__.4
                0x1000dafc       0x14 VisualGDB/Debug/_3_/pico-sdk/lib/tinyusb/src/device/usbd.o
 .rodata.__func__.3
                0x1000db10        0xf VisualGDB/Debug/_3_/pico-sdk/lib/tinyusb/src/device/usbd.o
 *fill*         0x1000db1f        0x1 
 .rodata.__func__.2
                0x1000db20        0xf VisualGDB/Debug/_3_/pico-sdk/lib/tinyusb/src/device/usbd.o
 *fill*         0x1000db2f        0x1 
 .rodata        0x1000db30       0x17 VisualGDB/Debug/_3_/pico-sdk/lib/tinyusb/src/device/usbd_control.o
 *fill*         0x1000db47        0x1 
 .rodata.__func__.1
                0x1000db48       0x11 VisualGDB/Debug/_3_/pico-sdk/lib/tinyusb/src/device/usbd_control.o
 *fill*         0x1000db59        0x3 
 .rodata.__func__.0
                0x1000db5c       0x15 VisualGDB/Debug/_3_/pico-sdk/lib/tinyusb/src/device/usbd_control.o
 *fill*         0x1000db71        0x3 
 .rodata        0x1000db74       0xdc VisualGDB/Debug/_3_/pico-sdk/lib/tinyusb/src/portable/raspberrypi/rp2040/dcd_rp2040.o
 .rodata.__func__.7
                0x1000dc50       0x13 VisualGDB/Debug/_3_/pico-sdk/lib/tinyusb/src/portable/raspberrypi/rp2040/dcd_rp2040.o
 *fill*         0x1000dc63        0x1 
 .rodata.__func__.6
                0x1000dc64        0x9 VisualGDB/Debug/_3_/pico-sdk/lib/tinyusb/src/portable/raspberrypi/rp2040/dcd_rp2040.o
 *fill*         0x1000dc6d        0x3 
 .rodata.__func__.5
                0x1000dc70        0xf VisualGDB/Debug/_3_/pico-sdk/lib/tinyusb/src/portable/raspberrypi/rp2040/dcd_rp2040.o
 *fill*         0x1000dc7f        0x1 
 .rodata.__func__.3
                0x1000dc80       0x10 VisualGDB/Debug/_3_/pico-sdk/lib/tinyusb/src/portable/raspberrypi/rp2040/dcd_rp2040.o
 .rodata.__func__.1
                0x1000dc90        0xe VisualGDB/Debug/_3_/pico-sdk/lib/tinyusb/src/portable/raspberrypi/rp2040/dcd_rp2040.o
 *fill*         0x1000dc9e        0x2 
 .rodata.__func__.0
                0x1000dca0        0xe VisualGDB/Debug/_3_/pico-sdk/lib/tinyusb/src/portable/raspberrypi/rp2040/dcd_rp2040.o
 *fill*         0x1000dcae        0x2 
 .rodata        0x1000dcb0      0x121 VisualGDB/Debug/_3_/pico-sdk/lib/tinyusb/src/portable/raspberrypi/rp2040/rp2040_usb.o
 *fill*         0x1000ddd1        0x3 
 .rodata.__func__.0
                0x1000ddd4        0xf VisualGDB/Debug/_3_/pico-sdk/lib/tinyusb/src/portable/raspberrypi/rp2040/rp2040_usb.o
 *fill*         0x1000dde3        0x1 
 .rodata        0x1000dde4       0x35 VisualGDB/Debug/_3_/pico-sdk/lib/tinyusb/src/tusb.o
 *fill*         0x1000de19        0x3 
 .rodata.__func__.4
                0x1000de1c        0xa VisualGDB/Debug/_3_/pico-sdk/lib/tinyusb/src/tusb.o
 *fill*         0x1000de26        0x2 
 .rodata.__func__.3
                0x1000de28       0x11 VisualGDB/Debug/_3_/pico-sdk/lib/tinyusb/src/tusb.o
 *fill*         0x1000de39        0x3 
 .rodata        0x1000de3c       0xe5 VisualGDB/Debug/_3_/pico-sdk/src/common/pico_sync/mutex.o
 *fill*         0x1000df21        0x3 
 .rodata.__func__.4
                0x1000df24       0x15 VisualGDB/Debug/_3_/pico-sdk/src/common/pico_sync/mutex.o
 *fill*         0x1000df39        0x3 
 .rodata.__func__.3
                0x1000df3c       0x18 VisualGDB/Debug/_3_/pico-sdk/src/common/pico_sync/mutex.o
 .rodata.__func__.1
                0x1000df54        0xb VisualGDB/Debug/_3_/pico-sdk/src/common/pico_sync/mutex.o
 *fill*         0x1000df5f        0x1 
 .rodata        0x1000df60      0x2f5 VisualGDB/Debug/_3_/pico-sdk/src/common/pico_time/time.o
 *fill*         0x1000e255        0x3 
 .rodata.__func__.12
                0x1000e258       0x12 VisualGDB/Debug/_3_/pico-sdk/src/common/pico_time/time.o
 *fill*         0x1000e26a        0x2 
 .rodata.__func__.11
                0x1000e26c        0xc VisualGDB/Debug/_3_/pico-sdk/src/common/pico_time/time.o
 .rodata.__func__.10
                0x1000e278        0xa VisualGDB/Debug/_3_/pico-sdk/src/common/pico_time/time.o
 *fill*         0x1000e282        0x2 
 .rodata.__func__.9
                0x1000e284       0x17 VisualGDB/Debug/_3_/pico-sdk/src/common/pico_time/time.o
 *fill*         0x1000e29b        0x1 
 .rodata.__func__.8
                0x1000e29c       0x15 VisualGDB/Debug/_3_/pico-sdk/src/common/pico_time/time.o
 *fill*         0x1000e2b1        0x3 
 .rodata.__func__.7
                0x1000e2b4        0xf VisualGDB/Debug/_3_/pico-sdk/src/common/pico_time/time.o
 *fill*         0x1000e2c3        0x1 
 .rodata.__func__.6
                0x1000e2c4       0x1a VisualGDB/Debug/_3_/pico-sdk/src/common/pico_time/time.o
 *fill*         0x1000e2de        0x2 
 .rodata.__func__.5
                0x1000e2e0       0x15 VisualGDB/Debug/_3_/pico-sdk/src/common/pico_time/time.o
 *fill*         0x1000e2f5        0x3 
 .rodata.__func__.4
                0x1000e2f8        0xd VisualGDB/Debug/_3_/pico-sdk/src/common/pico_time/time.o
 *fill*         0x1000e305        0x3 
 .rodata.__func__.3
                0x1000e308       0x12 VisualGDB/Debug/_3_/pico-sdk/src/common/pico_time/time.o
 *fill*         0x1000e31a        0x2 
 .rodata.__func__.1
                0x1000e31c       0x18 VisualGDB/Debug/_3_/pico-sdk/src/common/pico_time/time.o
 .rodata        0x1000e334      0x183 VisualGDB/Debug/_3_/pico-sdk/src/common/pico_util/pheap.o
 *fill*         0x1000e4b7        0x1 
 .rodata.__func__.3
                0x1000e4b8       0x12 VisualGDB/Debug/_3_/pico-sdk/src/common/pico_util/pheap.o
 *fill*         0x1000e4ca        0x2 
 .rodata.__func__.2
                0x1000e4cc        0xc VisualGDB/Debug/_3_/pico-sdk/src/common/pico_util/pheap.o
 .rodata.__func__.1
                0x1000e4d8       0x13 VisualGDB/Debug/_3_/pico-sdk/src/common/pico_util/pheap.o
 *fill*         0x1000e4eb        0x1 
 .rodata.__func__.0
                0x1000e4ec       0x18 VisualGDB/Debug/_3_/pico-sdk/src/common/pico_util/pheap.o
 .rodata        0x1000e504       0xfb VisualGDB/Debug/_3_/pico-sdk/src/rp2_common/hardware_clocks/clocks.o
 *fill*         0x1000e5ff        0x1 
 .rodata.__func__.1
                0x1000e600       0x10 VisualGDB/Debug/_3_/pico-sdk/src/rp2_common/hardware_clocks/clocks.o
 .rodata        0x1000e610      0x15a VisualGDB/Debug/_3_/pico-sdk/src/rp2_common/hardware_flash/flash.o
 *fill*         0x1000e76a        0x2 
 .rodata.__func__.0
                0x1000e76c        0xd VisualGDB/Debug/_3_/pico-sdk/src/rp2_common/hardware_flash/flash.o
 *fill*         0x1000e779        0x3 
 .rodata        0x1000e77c      0x243 VisualGDB/Debug/_3_/pico-sdk/src/rp2_common/hardware_irq/irq.o
 *fill*         0x1000e9bf        0x1 
 .rodata.__func__.6
                0x1000e9c0       0x1a VisualGDB/Debug/_3_/pico-sdk/src/rp2_common/hardware_irq/irq.o
 *fill*         0x1000e9da        0x2 
 .rodata.__func__.5
                0x1000e9dc        0xc VisualGDB/Debug/_3_/pico-sdk/src/rp2_common/hardware_irq/irq.o
 .rodata.__func__.4
                0x1000e9e8       0x17 VisualGDB/Debug/_3_/pico-sdk/src/rp2_common/hardware_irq/irq.o
 *fill*         0x1000e9ff        0x1 
 .rodata.__func__.3
                0x1000ea00       0x17 VisualGDB/Debug/_3_/pico-sdk/src/rp2_common/hardware_irq/irq.o
 *fill*         0x1000ea17        0x1 
 .rodata.__func__.2
                0x1000ea18        0xf VisualGDB/Debug/_3_/pico-sdk/src/rp2_common/hardware_irq/irq.o
 *fill*         0x1000ea27        0x1 
 .rodata.__func__.1
                0x1000ea28       0x13 VisualGDB/Debug/_3_/pico-sdk/src/rp2_common/hardware_irq/irq.o
 *fill*         0x1000ea3b        0x1 
 .rodata.__func__.0
                0x1000ea3c       0x1a VisualGDB/Debug/_3_/pico-sdk/src/rp2_common/hardware_irq/irq.o
 *fill*         0x1000ea56        0x2 
 .rodata        0x1000ea58      0x131 VisualGDB/Debug/_3_/pico-sdk/src/rp2_common/hardware_pio/pio.o
 *fill*         0x1000eb89        0x3 
 .rodata.__func__.1
                0x1000eb8c       0x1d VisualGDB/Debug/_3_/pico-sdk/src/rp2_common/hardware_pio/pio.o
 *fill*         0x1000eba9        0x3 
 .rodata        0x1000ebac      0x123 VisualGDB/Debug/_3_/pico-sdk/src/rp2_common/hardware_pll/pll.o
 *fill*         0x1000eccf        0x1 
 .rodata.__func__.0
                0x1000ecd0        0x9 VisualGDB/Debug/_3_/pico-sdk/src/rp2_common/hardware_pll/pll.o
 *fill*         0x1000ecd9        0x3 
 .rodata        0x1000ecdc       0x97 VisualGDB/Debug/_3_/pico-sdk/src/rp2_common/hardware_sync/sync.o
 *fill*         0x1000ed73        0x1 
 .rodata        0x1000ed74       0xf6 VisualGDB/Debug/_3_/pico-sdk/src/rp2_common/hardware_timer/timer.o
 *fill*         0x1000ee6a        0x2 
 .rodata.__func__.0
                0x1000ee6c       0x1a VisualGDB/Debug/_3_/pico-sdk/src/rp2_common/hardware_timer/timer.o
 *fill*         0x1000ee86        0x2 
 .rodata        0x1000ee88       0xc1 VisualGDB/Debug/_3_/pico-sdk/src/rp2_common/pico_double/double_init_rom.o
 *fill*         0x1000ef49        0x3 
 .rodata.__func__.0
                0x1000ef4c       0x14 VisualGDB/Debug/_3_/pico-sdk/src/rp2_common/pico_double/double_init_rom.o
 .rodata        0x1000ef60       0x7f VisualGDB/Debug/_3_/pico-sdk/src/rp2_common/pico_float/float_init_rom.o
 *fill*         0x1000efdf        0x1 
 .rodata.__func__.0
                0x1000efe0       0x13 VisualGDB/Debug/_3_/pico-sdk/src/rp2_common/pico_float/float_init_rom.o
 *fill*         0x1000eff3        0x1 
 .rodata        0x1000eff4       0x18 VisualGDB/Debug/_3_/pico-sdk/src/rp2_common/pico_printf/printf.o
 .rodata._vsnprintf
                0x1000f00c      0x1e0 VisualGDB/Debug/_3_/pico-sdk/src/rp2_common/pico_printf/printf.o
 *fill*         0x1000f1ec        0x4 
 .rodata.pow10.0
                0x1000f1f0       0x50 VisualGDB/Debug/_3_/pico-sdk/src/rp2_common/pico_printf/printf.o
 .rodata        0x1000f240      0x130 VisualGDB/Debug/_3_/pico-sdk/src/rp2_common/pico_runtime/runtime.o
 .rodata.__func__.2
                0x1000f370        0xd VisualGDB/Debug/_3_/pico-sdk/src/rp2_common/pico_runtime/runtime.o
 *fill*         0x1000f37d        0x3 
 .rodata        0x1000f380       0x3a VisualGDB/Debug/_3_/pico-sdk/src/rp2_common/pico_standard_link/binary_info.o
 *fill*         0x1000f3ba        0x2 
 .rodata.__bi_44
                0x1000f3bc        0xc VisualGDB/Debug/_3_/pico-sdk/src/rp2_common/pico_standard_link/binary_info.o
 .rodata.__bi_75
                0x1000f3c8        0xc VisualGDB/Debug/_3_/pico-sdk/src/rp2_common/pico_standard_link/binary_info.o
 .rodata.__bi_84
                0x1000f3d4        0xc VisualGDB/Debug/_3_/pico-sdk/src/rp2_common/pico_standard_link/binary_info.o
 .rodata        0x1000f3e0       0xa7 VisualGDB/Debug/_3_/pico-sdk/src/rp2_common/pico_stdio/stdio.o
 *fill*         0x1000f487        0x1 
 .rodata.__func__.3
                0x1000f488       0x15 VisualGDB/Debug/_3_/pico-sdk/src/rp2_common/pico_stdio/stdio.o
 *fill*         0x1000f49d        0x3 
 .rodata.crlf_str.2
                0x1000f4a0        0x2 VisualGDB/Debug/_3_/pico-sdk/src/rp2_common/pico_stdio/stdio.o
 *fill*         0x1000f4a2        0x2 
 .rodata.probe_program_instructions
                0x1000f4a4       0x20 VisualGDB/Debug/Local/src/probe.o
 .rodata.probe_program
                0x1000f4c4        0x6 VisualGDB/Debug/Local/src/probe.o
 *fill*         0x1000f4ca        0x2 
 .rodata.desc_device
                0x1000f4cc       0x12 VisualGDB/Debug/Local/src/usb_descriptors.o
                0x1000f4cc                desc_device
 *fill*         0x1000f4de        0x2 
 .rodata.desc_configuration
                0x1000f4e0       0x62 VisualGDB/Debug/Local/src/usb_descriptors.o
                0x1000f4e0                desc_configuration
 *fill*         0x1000f542        0x2 
 .rodata.__compound_literal.0
                0x1000f544        0x2 VisualGDB/Debug/Local/src/usb_descriptors.o
 *fill*         0x1000f546        0x2 
 .rodata        0x1000f548       0x1a VisualGDB/Debug/Local/src/usb_descriptors.o
                0x1000f564                . = ALIGN (0x4)
 *fill*         0x1000f562        0x2 
 *(SORT_BY_ALIGNMENT(SORT_BY_NAME(.flashdata*)))
                0x1000f564                . = ALIGN (0x4)

.rel.dyn        0x1000f564        0x0
 .rel.iplt      0x1000f564        0x0 c:/sysgcc/arm-eabi/bin/../lib/gcc/arm-none-eabi/10.3.1/thumb/v6-m/nofp/crtbegin.o

.ARM.extab
 *(.ARM.extab* .gnu.linkonce.armextab.*)
                0x1000f564                __exidx_start = .

.ARM.exidx
 *(.ARM.exidx* .gnu.linkonce.armexidx.*)
                0x1000f564                __exidx_end = .
                0x1000f564                . = ALIGN (0x4)
                0x1000f564                __binary_info_start = .

.binary_info    0x1000f564       0x24
 *(.binary_info.keep.*)
 .binary_info.keep.__bi_ptr142
                0x1000f564        0x4 VisualGDB/Debug/_3_/pico-sdk/lib/tinyusb/hw/bsp/rp2040/family.o
 .binary_info.keep.__bi_ptr152
                0x1000f568        0x4 VisualGDB/Debug/_3_/pico-sdk/lib/tinyusb/hw/bsp/rp2040/family.o
 .binary_info.keep.__bi_ptr22
                0x1000f56c        0x4 VisualGDB/Debug/_3_/pico-sdk/src/rp2_common/pico_standard_link/binary_info.o
 .binary_info.keep.__bi_ptr30
                0x1000f570        0x4 VisualGDB/Debug/_3_/pico-sdk/src/rp2_common/pico_standard_link/binary_info.o
 .binary_info.keep.__bi_ptr38
                0x1000f574        0x4 VisualGDB/Debug/_3_/pico-sdk/src/rp2_common/pico_standard_link/binary_info.o
 .binary_info.keep.__bi_ptr44
                0x1000f578        0x4 VisualGDB/Debug/_3_/pico-sdk/src/rp2_common/pico_standard_link/binary_info.o
 .binary_info.keep.__bi_ptr50
                0x1000f57c        0x4 VisualGDB/Debug/_3_/pico-sdk/src/rp2_common/pico_standard_link/binary_info.o
 .binary_info.keep.__bi_ptr75
                0x1000f580        0x4 VisualGDB/Debug/_3_/pico-sdk/src/rp2_common/pico_standard_link/binary_info.o
 .binary_info.keep.__bi_ptr84
                0x1000f584        0x4 VisualGDB/Debug/_3_/pico-sdk/src/rp2_common/pico_standard_link/binary_info.o
 *(.binary_info.*)
                0x1000f588                __binary_info_end = .
                0x1000f588                . = ALIGN (0x4)
                0x1000f588                __etext = .

.ram_vector_table
                0x20000000       0xc0
 *(.ram_vector_table)
 .ram_vector_table
                0x20000000       0xc0 VisualGDB/Debug/_3_/pico-sdk/src/rp2_common/pico_runtime/runtime.o
                0x20000000                ram_vector_table

.data           0x200000c0      0x9f0 load address 0x1000f588
                0x200000c0                __data_start__ = .
 *(vtable)
 *(.time_critical*)
 .time_critical.tinyusb
                0x200000c0      0x368 VisualGDB/Debug/_3_/pico-sdk/lib/tinyusb/src/device/usbd.o
                0x200000c0                dcd_event_handler
 .time_critical.mutex_try_enter
                0x20000428       0xb2 VisualGDB/Debug/_3_/pico-sdk/src/common/pico_sync/mutex.o
                0x20000428                mutex_try_enter
 .time_critical.mutex_try_enter_block_until
                0x200004da       0x56 VisualGDB/Debug/_3_/pico-sdk/src/common/pico_sync/mutex.o